2023-11-13 14:43:26,353 INFO  Logger.cs: 70 - 
--------------------------------------------------------------------------------
2023-11-13 14:43:26,425 INFO  Logger.cs: 71 - Logging commencing for SW2URDF exporter
2023-11-13 14:43:26,425 INFO  Logger.cs: 73 - Commit version 1.6.0-4-g7f85cfe
2023-11-13 14:43:26,425 INFO  Logger.cs: 74 - Build version 1.6.7995.38578
2023-11-13 14:43:26,433 INFO  SwAddin.cs: 192 - Attempting to connect to SW
2023-11-13 14:43:26,433 INFO  SwAddin.cs: 197 - Setting up callbacks
2023-11-13 14:43:26,433 INFO  SwAddin.cs: 201 - Setting up command manager
2023-11-13 14:43:26,433 INFO  SwAddin.cs: 204 - Adding command manager
2023-11-13 14:43:26,437 INFO  SwAddin.cs: 263 - Adding Assembly export to file menu
2023-11-13 14:43:26,437 INFO  SwAddin.cs: 272 - Adding Part export to file menu
2023-11-13 14:43:26,437 INFO  SwAddin.cs: 210 - Adding event handlers
2023-11-13 14:43:26,569 INFO  SwAddin.cs: 217 - Connecting plugin to SolidWorks
2023-11-13 15:35:32,529 INFO  SwAddin.cs: 294 - Assembly export called for file 装配体2.SLDASM
2023-11-13 15:35:32,530 INFO  SwAddin.cs: 299 - Save is required
2023-11-13 15:35:32,530 INFO  SwAddin.cs: 313 - Saving assembly
2023-11-13 15:35:33,057 INFO  SwAddin.cs: 316 - Opening property manager
2023-11-13 15:35:33,075 INFO  ExportHelperExtension.cs: 1125 - Retrieving features of type [CoordSys] from 装配体2.SLDASM
2023-11-13 15:35:33,099 INFO  ExportHelperExtension.cs: 1136 - Found 38 in 装配体2.SLDASM
2023-11-13 15:35:33,099 INFO  ExportHelperExtension.cs: 1145 - Found 4 features of type [CoordSys] in 装配体2.SLDASM
2023-11-13 15:35:33,099 INFO  ExportHelperExtension.cs: 1148 - Proceeding through assembly components
2023-11-13 15:35:33,099 INFO  ExportHelperExtension.cs: 1160 - 4 components to check
2023-11-13 15:35:33,099 INFO  ExportHelperExtension.cs: 1125 - Retrieving features of type [CoordSys] from Mount-1
2023-11-13 15:35:33,099 INFO  ExportHelperExtension.cs: 1136 - Found 52 in Mount-1
2023-11-13 15:35:33,099 INFO  ExportHelperExtension.cs: 1145 - Found 0 features of type [CoordSys] in Mount-1
2023-11-13 15:35:33,099 INFO  ExportHelperExtension.cs: 1125 - Retrieving features of type [CoordSys] from Tip_Verowhite-1
2023-11-13 15:35:33,103 INFO  ExportHelperExtension.cs: 1136 - Found 162 in Tip_Verowhite-1
2023-11-13 15:35:33,103 INFO  ExportHelperExtension.cs: 1145 - Found 0 features of type [CoordSys] in Tip_Verowhite-1
2023-11-13 15:35:33,103 INFO  ExportHelperExtension.cs: 1125 - Retrieving features of type [CoordSys] from Soft_Agilus-1
2023-11-13 15:35:33,103 INFO  ExportHelperExtension.cs: 1136 - Found 114 in Soft_Agilus-1
2023-11-13 15:35:33,103 INFO  ExportHelperExtension.cs: 1145 - Found 0 features of type [CoordSys] in Soft_Agilus-1
2023-11-13 15:35:33,103 INFO  ExportHelperExtension.cs: 1125 - Retrieving features of type [CoordSys] from Rigid_Verowhite-1
2023-11-13 15:35:33,103 INFO  ExportHelperExtension.cs: 1136 - Found 32 in Rigid_Verowhite-1
2023-11-13 15:35:33,103 INFO  ExportHelperExtension.cs: 1145 - Found 0 features of type [CoordSys] in Rigid_Verowhite-1
2023-11-13 15:35:33,103 INFO  ExportHelperExtension.cs: 1125 - Retrieving features of type [RefAxis] from 装配体2.SLDASM
2023-11-13 15:35:33,211 INFO  ExportHelperExtension.cs: 1136 - Found 38 in 装配体2.SLDASM
2023-11-13 15:35:33,211 INFO  ExportHelperExtension.cs: 1145 - Found 0 features of type [RefAxis] in 装配体2.SLDASM
2023-11-13 15:35:33,211 INFO  ExportHelperExtension.cs: 1148 - Proceeding through assembly components
2023-11-13 15:35:33,211 INFO  ExportHelperExtension.cs: 1160 - 4 components to check
2023-11-13 15:35:33,211 INFO  ExportHelperExtension.cs: 1125 - Retrieving features of type [RefAxis] from Mount-1
2023-11-13 15:35:33,215 INFO  ExportHelperExtension.cs: 1136 - Found 52 in Mount-1
2023-11-13 15:35:33,215 INFO  ExportHelperExtension.cs: 1145 - Found 0 features of type [RefAxis] in Mount-1
2023-11-13 15:35:33,215 INFO  ExportHelperExtension.cs: 1125 - Retrieving features of type [RefAxis] from Tip_Verowhite-1
2023-11-13 15:35:33,215 INFO  ExportHelperExtension.cs: 1136 - Found 162 in Tip_Verowhite-1
2023-11-13 15:35:33,215 INFO  ExportHelperExtension.cs: 1145 - Found 0 features of type [RefAxis] in Tip_Verowhite-1
2023-11-13 15:35:33,215 INFO  ExportHelperExtension.cs: 1125 - Retrieving features of type [RefAxis] from Soft_Agilus-1
2023-11-13 15:35:33,215 INFO  ExportHelperExtension.cs: 1136 - Found 114 in Soft_Agilus-1
2023-11-13 15:35:33,215 INFO  ExportHelperExtension.cs: 1145 - Found 0 features of type [RefAxis] in Soft_Agilus-1
2023-11-13 15:35:33,215 INFO  ExportHelperExtension.cs: 1125 - Retrieving features of type [RefAxis] from Rigid_Verowhite-1
2023-11-13 15:35:33,215 INFO  ExportHelperExtension.cs: 1136 - Found 32 in Rigid_Verowhite-1
2023-11-13 15:35:33,215 INFO  ExportHelperExtension.cs: 1145 - Found 0 features of type [RefAxis] in Rigid_Verowhite-1
2023-11-13 15:35:33,425 INFO  SwAddin.cs: 339 - Loading config tree
2023-11-13 15:35:33,427 INFO  ExportPropertyManagerExtension.cs: 520 - Starting new configuration
2023-11-13 15:35:33,429 INFO  SwAddin.cs: 344 - Showing property manager
2023-11-13 15:35:35,481 INFO  ExportPropertyManager.cs: 416 - Configuration canceled
2023-11-13 15:35:35,549 INFO  ExportPropertyManager.cs: 1142 - AfterClose called. This method no longer throws an Exception. It just silently does nothing. Ok, except for this logging message
2023-11-13 15:36:01,473 INFO  SwAddin.cs: 294 - Assembly export called for file 装配体2.SLDASM
2023-11-13 15:36:01,473 INFO  SwAddin.cs: 299 - Save is required
2023-11-13 15:36:01,474 INFO  SwAddin.cs: 313 - Saving assembly
2023-11-13 15:36:02,017 INFO  SwAddin.cs: 316 - Opening property manager
2023-11-13 15:36:02,017 INFO  ExportHelperExtension.cs: 1125 - Retrieving features of type [CoordSys] from 装配体2.SLDASM
2023-11-13 15:36:02,018 INFO  ExportHelperExtension.cs: 1136 - Found 38 in 装配体2.SLDASM
2023-11-13 15:36:02,018 INFO  ExportHelperExtension.cs: 1145 - Found 4 features of type [CoordSys] in 装配体2.SLDASM
2023-11-13 15:36:02,018 INFO  ExportHelperExtension.cs: 1148 - Proceeding through assembly components
2023-11-13 15:36:02,018 INFO  ExportHelperExtension.cs: 1160 - 4 components to check
2023-11-13 15:36:02,018 INFO  ExportHelperExtension.cs: 1125 - Retrieving features of type [CoordSys] from Mount-1
2023-11-13 15:36:02,019 INFO  ExportHelperExtension.cs: 1136 - Found 52 in Mount-1
2023-11-13 15:36:02,019 INFO  ExportHelperExtension.cs: 1145 - Found 0 features of type [CoordSys] in Mount-1
2023-11-13 15:36:02,019 INFO  ExportHelperExtension.cs: 1125 - Retrieving features of type [CoordSys] from Tip_Verowhite-1
2023-11-13 15:36:02,020 INFO  ExportHelperExtension.cs: 1136 - Found 162 in Tip_Verowhite-1
2023-11-13 15:36:02,020 INFO  ExportHelperExtension.cs: 1145 - Found 0 features of type [CoordSys] in Tip_Verowhite-1
2023-11-13 15:36:02,020 INFO  ExportHelperExtension.cs: 1125 - Retrieving features of type [CoordSys] from Soft_Agilus-1
2023-11-13 15:36:02,021 INFO  ExportHelperExtension.cs: 1136 - Found 114 in Soft_Agilus-1
2023-11-13 15:36:02,021 INFO  ExportHelperExtension.cs: 1145 - Found 0 features of type [CoordSys] in Soft_Agilus-1
2023-11-13 15:36:02,021 INFO  ExportHelperExtension.cs: 1125 - Retrieving features of type [CoordSys] from Rigid_Verowhite-1
2023-11-13 15:36:02,022 INFO  ExportHelperExtension.cs: 1136 - Found 32 in Rigid_Verowhite-1
2023-11-13 15:36:02,022 INFO  ExportHelperExtension.cs: 1145 - Found 0 features of type [CoordSys] in Rigid_Verowhite-1
2023-11-13 15:36:02,022 INFO  ExportHelperExtension.cs: 1125 - Retrieving features of type [RefAxis] from 装配体2.SLDASM
2023-11-13 15:36:02,022 INFO  ExportHelperExtension.cs: 1136 - Found 38 in 装配体2.SLDASM
2023-11-13 15:36:02,023 INFO  ExportHelperExtension.cs: 1145 - Found 0 features of type [RefAxis] in 装配体2.SLDASM
2023-11-13 15:36:02,023 INFO  ExportHelperExtension.cs: 1148 - Proceeding through assembly components
2023-11-13 15:36:02,023 INFO  ExportHelperExtension.cs: 1160 - 4 components to check
2023-11-13 15:36:02,023 INFO  ExportHelperExtension.cs: 1125 - Retrieving features of type [RefAxis] from Mount-1
2023-11-13 15:36:02,024 INFO  ExportHelperExtension.cs: 1136 - Found 52 in Mount-1
2023-11-13 15:36:02,024 INFO  ExportHelperExtension.cs: 1145 - Found 0 features of type [RefAxis] in Mount-1
2023-11-13 15:36:02,024 INFO  ExportHelperExtension.cs: 1125 - Retrieving features of type [RefAxis] from Tip_Verowhite-1
2023-11-13 15:36:02,024 INFO  ExportHelperExtension.cs: 1136 - Found 162 in Tip_Verowhite-1
2023-11-13 15:36:02,025 INFO  ExportHelperExtension.cs: 1145 - Found 0 features of type [RefAxis] in Tip_Verowhite-1
2023-11-13 15:36:02,025 INFO  ExportHelperExtension.cs: 1125 - Retrieving features of type [RefAxis] from Soft_Agilus-1
2023-11-13 15:36:02,025 INFO  ExportHelperExtension.cs: 1136 - Found 114 in Soft_Agilus-1
2023-11-13 15:36:02,025 INFO  ExportHelperExtension.cs: 1145 - Found 0 features of type [RefAxis] in Soft_Agilus-1
2023-11-13 15:36:02,025 INFO  ExportHelperExtension.cs: 1125 - Retrieving features of type [RefAxis] from Rigid_Verowhite-1
2023-11-13 15:36:02,025 INFO  ExportHelperExtension.cs: 1136 - Found 32 in Rigid_Verowhite-1
2023-11-13 15:36:02,025 INFO  ExportHelperExtension.cs: 1145 - Found 0 features of type [RefAxis] in Rigid_Verowhite-1
2023-11-13 15:36:02,200 INFO  SwAddin.cs: 339 - Loading config tree
2023-11-13 15:36:02,200 INFO  ExportPropertyManagerExtension.cs: 520 - Starting new configuration
2023-11-13 15:36:02,201 INFO  SwAddin.cs: 344 - Showing property manager
2023-11-13 15:36:22,567 INFO  ExportPropertyManager.cs: 422 - Configuration saved
2023-11-13 15:36:22,748 INFO  ExportPropertyManager.cs: 1142 - AfterClose called. This method no longer throws an Exception. It just silently does nothing. Ok, except for this logging message
2023-11-13 15:36:33,670 INFO  SwAddin.cs: 294 - Assembly export called for file 装配体2.SLDASM
2023-11-13 15:36:33,671 INFO  SwAddin.cs: 299 - Save is required
2023-11-13 15:36:33,671 INFO  SwAddin.cs: 313 - Saving assembly
2023-11-13 15:36:34,189 INFO  SwAddin.cs: 316 - Opening property manager
2023-11-13 15:36:34,191 INFO  ExportHelperExtension.cs: 1125 - Retrieving features of type [CoordSys] from 装配体2.SLDASM
2023-11-13 15:36:34,191 INFO  ExportHelperExtension.cs: 1136 - Found 38 in 装配体2.SLDASM
2023-11-13 15:36:34,191 INFO  ExportHelperExtension.cs: 1145 - Found 4 features of type [CoordSys] in 装配体2.SLDASM
2023-11-13 15:36:34,192 INFO  ExportHelperExtension.cs: 1148 - Proceeding through assembly components
2023-11-13 15:36:34,192 INFO  ExportHelperExtension.cs: 1160 - 4 components to check
2023-11-13 15:36:34,192 INFO  ExportHelperExtension.cs: 1125 - Retrieving features of type [CoordSys] from Mount-1
2023-11-13 15:36:34,192 INFO  ExportHelperExtension.cs: 1136 - Found 52 in Mount-1
2023-11-13 15:36:34,193 INFO  ExportHelperExtension.cs: 1145 - Found 0 features of type [CoordSys] in Mount-1
2023-11-13 15:36:34,193 INFO  ExportHelperExtension.cs: 1125 - Retrieving features of type [CoordSys] from Tip_Verowhite-1
2023-11-13 15:36:34,193 INFO  ExportHelperExtension.cs: 1136 - Found 162 in Tip_Verowhite-1
2023-11-13 15:36:34,194 INFO  ExportHelperExtension.cs: 1145 - Found 0 features of type [CoordSys] in Tip_Verowhite-1
2023-11-13 15:36:34,194 INFO  ExportHelperExtension.cs: 1125 - Retrieving features of type [CoordSys] from Soft_Agilus-1
2023-11-13 15:36:34,194 INFO  ExportHelperExtension.cs: 1136 - Found 114 in Soft_Agilus-1
2023-11-13 15:36:34,200 INFO  ExportHelperExtension.cs: 1145 - Found 0 features of type [CoordSys] in Soft_Agilus-1
2023-11-13 15:36:34,200 INFO  ExportHelperExtension.cs: 1125 - Retrieving features of type [CoordSys] from Rigid_Verowhite-1
2023-11-13 15:36:34,268 INFO  ExportHelperExtension.cs: 1136 - Found 32 in Rigid_Verowhite-1
2023-11-13 15:36:34,268 INFO  ExportHelperExtension.cs: 1145 - Found 0 features of type [CoordSys] in Rigid_Verowhite-1
2023-11-13 15:36:34,268 INFO  ExportHelperExtension.cs: 1125 - Retrieving features of type [RefAxis] from 装配体2.SLDASM
2023-11-13 15:36:34,268 INFO  ExportHelperExtension.cs: 1136 - Found 38 in 装配体2.SLDASM
2023-11-13 15:36:34,268 INFO  ExportHelperExtension.cs: 1145 - Found 0 features of type [RefAxis] in 装配体2.SLDASM
2023-11-13 15:36:34,268 INFO  ExportHelperExtension.cs: 1148 - Proceeding through assembly components
2023-11-13 15:36:34,268 INFO  ExportHelperExtension.cs: 1160 - 4 components to check
2023-11-13 15:36:34,268 INFO  ExportHelperExtension.cs: 1125 - Retrieving features of type [RefAxis] from Mount-1
2023-11-13 15:36:34,268 INFO  ExportHelperExtension.cs: 1136 - Found 52 in Mount-1
2023-11-13 15:36:34,272 INFO  ExportHelperExtension.cs: 1145 - Found 0 features of type [RefAxis] in Mount-1
2023-11-13 15:36:34,272 INFO  ExportHelperExtension.cs: 1125 - Retrieving features of type [RefAxis] from Tip_Verowhite-1
2023-11-13 15:36:34,272 INFO  ExportHelperExtension.cs: 1136 - Found 162 in Tip_Verowhite-1
2023-11-13 15:36:34,272 INFO  ExportHelperExtension.cs: 1145 - Found 0 features of type [RefAxis] in Tip_Verowhite-1
2023-11-13 15:36:34,272 INFO  ExportHelperExtension.cs: 1125 - Retrieving features of type [RefAxis] from Soft_Agilus-1
2023-11-13 15:36:34,272 INFO  ExportHelperExtension.cs: 1136 - Found 114 in Soft_Agilus-1
2023-11-13 15:36:34,272 INFO  ExportHelperExtension.cs: 1145 - Found 0 features of type [RefAxis] in Soft_Agilus-1
2023-11-13 15:36:34,272 INFO  ExportHelperExtension.cs: 1125 - Retrieving features of type [RefAxis] from Rigid_Verowhite-1
2023-11-13 15:36:34,272 INFO  ExportHelperExtension.cs: 1136 - Found 32 in Rigid_Verowhite-1
2023-11-13 15:36:34,272 INFO  ExportHelperExtension.cs: 1145 - Found 0 features of type [RefAxis] in Rigid_Verowhite-1
2023-11-13 15:36:34,459 INFO  SwAddin.cs: 339 - Loading config tree
2023-11-13 15:36:34,460 INFO  ExportPropertyManagerExtension.cs: 520 - Starting new configuration
2023-11-13 15:36:34,461 INFO  SwAddin.cs: 344 - Showing property manager
2023-11-13 15:36:45,264 INFO  ExportPropertyManager.cs: 422 - Configuration saved
2023-11-13 15:36:46,780 INFO  ExportHelperExtension.cs: 1125 - Retrieving features of type [CoordSys] from 装配体2.SLDASM
2023-11-13 15:36:46,785 INFO  ExportHelperExtension.cs: 1136 - Found 41 in 装配体2.SLDASM
2023-11-13 15:36:46,786 INFO  ExportHelperExtension.cs: 1145 - Found 5 features of type [CoordSys] in 装配体2.SLDASM
2023-11-13 15:36:46,786 INFO  ExportHelperExtension.cs: 1148 - Proceeding through assembly components
2023-11-13 15:36:46,786 INFO  ExportHelperExtension.cs: 1160 - 4 components to check
2023-11-13 15:36:46,786 INFO  ExportHelperExtension.cs: 1125 - Retrieving features of type [CoordSys] from Mount-1
2023-11-13 15:36:46,787 INFO  ExportHelperExtension.cs: 1136 - Found 52 in Mount-1
2023-11-13 15:36:46,787 INFO  ExportHelperExtension.cs: 1145 - Found 0 features of type [CoordSys] in Mount-1
2023-11-13 15:36:46,787 INFO  ExportHelperExtension.cs: 1125 - Retrieving features of type [CoordSys] from Tip_Verowhite-1
2023-11-13 15:36:46,788 INFO  ExportHelperExtension.cs: 1136 - Found 162 in Tip_Verowhite-1
2023-11-13 15:36:46,788 INFO  ExportHelperExtension.cs: 1145 - Found 0 features of type [CoordSys] in Tip_Verowhite-1
2023-11-13 15:36:46,788 INFO  ExportHelperExtension.cs: 1125 - Retrieving features of type [CoordSys] from Soft_Agilus-1
2023-11-13 15:36:46,789 INFO  ExportHelperExtension.cs: 1136 - Found 114 in Soft_Agilus-1
2023-11-13 15:36:46,789 INFO  ExportHelperExtension.cs: 1145 - Found 0 features of type [CoordSys] in Soft_Agilus-1
2023-11-13 15:36:46,789 INFO  ExportHelperExtension.cs: 1125 - Retrieving features of type [CoordSys] from Rigid_Verowhite-1
2023-11-13 15:36:46,789 INFO  ExportHelperExtension.cs: 1136 - Found 32 in Rigid_Verowhite-1
2023-11-13 15:36:46,789 INFO  ExportHelperExtension.cs: 1145 - Found 0 features of type [CoordSys] in Rigid_Verowhite-1
2023-11-13 15:36:46,789 INFO  ExportHelperExtension.cs: 1125 - Retrieving features of type [RefAxis] from 装配体2.SLDASM
2023-11-13 15:36:46,789 INFO  ExportHelperExtension.cs: 1136 - Found 41 in 装配体2.SLDASM
2023-11-13 15:36:46,789 INFO  ExportHelperExtension.cs: 1145 - Found 0 features of type [RefAxis] in 装配体2.SLDASM
2023-11-13 15:36:46,789 INFO  ExportHelperExtension.cs: 1148 - Proceeding through assembly components
2023-11-13 15:36:46,789 INFO  ExportHelperExtension.cs: 1160 - 4 components to check
2023-11-13 15:36:46,789 INFO  ExportHelperExtension.cs: 1125 - Retrieving features of type [RefAxis] from Mount-1
2023-11-13 15:36:46,789 INFO  ExportHelperExtension.cs: 1136 - Found 52 in Mount-1
2023-11-13 15:36:46,789 INFO  ExportHelperExtension.cs: 1145 - Found 0 features of type [RefAxis] in Mount-1
2023-11-13 15:36:46,789 INFO  ExportHelperExtension.cs: 1125 - Retrieving features of type [RefAxis] from Tip_Verowhite-1
2023-11-13 15:36:46,789 INFO  ExportHelperExtension.cs: 1136 - Found 162 in Tip_Verowhite-1
2023-11-13 15:36:46,793 INFO  ExportHelperExtension.cs: 1145 - Found 0 features of type [RefAxis] in Tip_Verowhite-1
2023-11-13 15:36:46,793 INFO  ExportHelperExtension.cs: 1125 - Retrieving features of type [RefAxis] from Soft_Agilus-1
2023-11-13 15:36:46,793 INFO  ExportHelperExtension.cs: 1136 - Found 114 in Soft_Agilus-1
2023-11-13 15:36:46,793 INFO  ExportHelperExtension.cs: 1145 - Found 0 features of type [RefAxis] in Soft_Agilus-1
2023-11-13 15:36:46,793 INFO  ExportHelperExtension.cs: 1125 - Retrieving features of type [RefAxis] from Rigid_Verowhite-1
2023-11-13 15:36:46,793 INFO  ExportHelperExtension.cs: 1136 - Found 32 in Rigid_Verowhite-1
2023-11-13 15:36:46,793 INFO  ExportHelperExtension.cs: 1145 - Found 0 features of type [RefAxis] in Rigid_Verowhite-1
2023-11-13 15:36:46,819 INFO  ExportPropertyManager.cs: 1142 - AfterClose called. This method no longer throws an Exception. It just silently does nothing. Ok, except for this logging message
2023-11-13 15:38:02,920 INFO  SwAddin.cs: 294 - Assembly export called for file 装配体2.SLDASM
2023-11-13 15:38:02,920 INFO  SwAddin.cs: 299 - Save is required
2023-11-13 15:38:02,920 INFO  SwAddin.cs: 313 - Saving assembly
2023-11-13 15:38:03,429 INFO  SwAddin.cs: 316 - Opening property manager
2023-11-13 15:38:03,430 INFO  ExportHelperExtension.cs: 1125 - Retrieving features of type [CoordSys] from 装配体2.SLDASM
2023-11-13 15:38:03,430 INFO  ExportHelperExtension.cs: 1136 - Found 38 in 装配体2.SLDASM
2023-11-13 15:38:03,431 INFO  ExportHelperExtension.cs: 1145 - Found 4 features of type [CoordSys] in 装配体2.SLDASM
2023-11-13 15:38:03,431 INFO  ExportHelperExtension.cs: 1148 - Proceeding through assembly components
2023-11-13 15:38:03,431 INFO  ExportHelperExtension.cs: 1160 - 4 components to check
2023-11-13 15:38:03,431 INFO  ExportHelperExtension.cs: 1125 - Retrieving features of type [CoordSys] from Mount-1
2023-11-13 15:38:03,432 INFO  ExportHelperExtension.cs: 1136 - Found 52 in Mount-1
2023-11-13 15:38:03,432 INFO  ExportHelperExtension.cs: 1145 - Found 0 features of type [CoordSys] in Mount-1
2023-11-13 15:38:03,432 INFO  ExportHelperExtension.cs: 1125 - Retrieving features of type [CoordSys] from Tip_Verowhite-1
2023-11-13 15:38:03,432 INFO  ExportHelperExtension.cs: 1136 - Found 162 in Tip_Verowhite-1
2023-11-13 15:38:03,433 INFO  ExportHelperExtension.cs: 1145 - Found 0 features of type [CoordSys] in Tip_Verowhite-1
2023-11-13 15:38:03,433 INFO  ExportHelperExtension.cs: 1125 - Retrieving features of type [CoordSys] from Soft_Agilus-1
2023-11-13 15:38:03,433 INFO  ExportHelperExtension.cs: 1136 - Found 114 in Soft_Agilus-1
2023-11-13 15:38:03,434 INFO  ExportHelperExtension.cs: 1145 - Found 0 features of type [CoordSys] in Soft_Agilus-1
2023-11-13 15:38:03,434 INFO  ExportHelperExtension.cs: 1125 - Retrieving features of type [CoordSys] from Rigid_Verowhite-1
2023-11-13 15:38:03,434 INFO  ExportHelperExtension.cs: 1136 - Found 32 in Rigid_Verowhite-1
2023-11-13 15:38:03,435 INFO  ExportHelperExtension.cs: 1145 - Found 0 features of type [CoordSys] in Rigid_Verowhite-1
2023-11-13 15:38:03,435 INFO  ExportHelperExtension.cs: 1125 - Retrieving features of type [RefAxis] from 装配体2.SLDASM
2023-11-13 15:38:03,435 INFO  ExportHelperExtension.cs: 1136 - Found 38 in 装配体2.SLDASM
2023-11-13 15:38:03,435 INFO  ExportHelperExtension.cs: 1145 - Found 0 features of type [RefAxis] in 装配体2.SLDASM
2023-11-13 15:38:03,435 INFO  ExportHelperExtension.cs: 1148 - Proceeding through assembly components
2023-11-13 15:38:03,436 INFO  ExportHelperExtension.cs: 1160 - 4 components to check
2023-11-13 15:38:03,436 INFO  ExportHelperExtension.cs: 1125 - Retrieving features of type [RefAxis] from Mount-1
2023-11-13 15:38:03,436 INFO  ExportHelperExtension.cs: 1136 - Found 52 in Mount-1
2023-11-13 15:38:03,436 INFO  ExportHelperExtension.cs: 1145 - Found 0 features of type [RefAxis] in Mount-1
2023-11-13 15:38:03,437 INFO  ExportHelperExtension.cs: 1125 - Retrieving features of type [RefAxis] from Tip_Verowhite-1
2023-11-13 15:38:03,437 INFO  ExportHelperExtension.cs: 1136 - Found 162 in Tip_Verowhite-1
2023-11-13 15:38:03,437 INFO  ExportHelperExtension.cs: 1145 - Found 0 features of type [RefAxis] in Tip_Verowhite-1
2023-11-13 15:38:03,438 INFO  ExportHelperExtension.cs: 1125 - Retrieving features of type [RefAxis] from Soft_Agilus-1
2023-11-13 15:38:03,438 INFO  ExportHelperExtension.cs: 1136 - Found 114 in Soft_Agilus-1
2023-11-13 15:38:03,438 INFO  ExportHelperExtension.cs: 1145 - Found 0 features of type [RefAxis] in Soft_Agilus-1
2023-11-13 15:38:03,438 INFO  ExportHelperExtension.cs: 1125 - Retrieving features of type [RefAxis] from Rigid_Verowhite-1
2023-11-13 15:38:03,439 INFO  ExportHelperExtension.cs: 1136 - Found 32 in Rigid_Verowhite-1
2023-11-13 15:38:03,439 INFO  ExportHelperExtension.cs: 1145 - Found 0 features of type [RefAxis] in Rigid_Verowhite-1
2023-11-13 15:38:03,612 INFO  SwAddin.cs: 339 - Loading config tree
2023-11-13 15:38:03,612 INFO  ExportPropertyManagerExtension.cs: 520 - Starting new configuration
2023-11-13 15:38:03,613 INFO  SwAddin.cs: 344 - Showing property manager
2023-11-13 15:38:14,063 INFO  ExportPropertyManager.cs: 1136 - OnNumberBoxTrackingCompleted called. This method no longer throws an Exception. It just silently does nothing. Ok, except for this logging message
2023-11-13 15:38:38,139 INFO  ExportPropertyManager.cs: 1136 - OnNumberBoxTrackingCompleted called. This method no longer throws an Exception. It just silently does nothing. Ok, except for this logging message
2023-11-13 15:39:00,824 INFO  ExportPropertyManager.cs: 1136 - OnNumberBoxTrackingCompleted called. This method no longer throws an Exception. It just silently does nothing. Ok, except for this logging message
2023-11-13 15:39:17,963 INFO  ExportPropertyManager.cs: 1136 - OnNumberBoxTrackingCompleted called. This method no longer throws an Exception. It just silently does nothing. Ok, except for this logging message
2023-11-13 15:39:28,718 INFO  ExportPropertyManager.cs: 422 - Configuration saved
2023-11-13 15:39:28,796 INFO  ExportPropertyManager.cs: 1142 - AfterClose called. This method no longer throws an Exception. It just silently does nothing. Ok, except for this logging message
2023-11-13 15:40:20,961 INFO  SwAddin.cs: 294 - Assembly export called for file 装配体2.SLDASM
2023-11-13 15:40:20,961 INFO  SwAddin.cs: 299 - Save is required
2023-11-13 15:40:20,961 INFO  SwAddin.cs: 313 - Saving assembly
2023-11-13 15:40:21,556 INFO  SwAddin.cs: 316 - Opening property manager
2023-11-13 15:40:21,557 INFO  ExportHelperExtension.cs: 1125 - Retrieving features of type [CoordSys] from 装配体2.SLDASM
2023-11-13 15:40:21,557 INFO  ExportHelperExtension.cs: 1136 - Found 38 in 装配体2.SLDASM
2023-11-13 15:40:21,557 INFO  ExportHelperExtension.cs: 1145 - Found 4 features of type [CoordSys] in 装配体2.SLDASM
2023-11-13 15:40:21,557 INFO  ExportHelperExtension.cs: 1148 - Proceeding through assembly components
2023-11-13 15:40:21,558 INFO  ExportHelperExtension.cs: 1160 - 4 components to check
2023-11-13 15:40:21,558 INFO  ExportHelperExtension.cs: 1125 - Retrieving features of type [CoordSys] from Mount-1
2023-11-13 15:40:21,558 INFO  ExportHelperExtension.cs: 1136 - Found 52 in Mount-1
2023-11-13 15:40:21,558 INFO  ExportHelperExtension.cs: 1145 - Found 0 features of type [CoordSys] in Mount-1
2023-11-13 15:40:21,559 INFO  ExportHelperExtension.cs: 1125 - Retrieving features of type [CoordSys] from Tip_Verowhite-1
2023-11-13 15:40:21,559 INFO  ExportHelperExtension.cs: 1136 - Found 162 in Tip_Verowhite-1
2023-11-13 15:40:21,560 INFO  ExportHelperExtension.cs: 1145 - Found 0 features of type [CoordSys] in Tip_Verowhite-1
2023-11-13 15:40:21,560 INFO  ExportHelperExtension.cs: 1125 - Retrieving features of type [CoordSys] from Soft_Agilus-1
2023-11-13 15:40:21,560 INFO  ExportHelperExtension.cs: 1136 - Found 114 in Soft_Agilus-1
2023-11-13 15:40:21,561 INFO  ExportHelperExtension.cs: 1145 - Found 0 features of type [CoordSys] in Soft_Agilus-1
2023-11-13 15:40:21,561 INFO  ExportHelperExtension.cs: 1125 - Retrieving features of type [CoordSys] from Rigid_Verowhite-1
2023-11-13 15:40:21,561 INFO  ExportHelperExtension.cs: 1136 - Found 32 in Rigid_Verowhite-1
2023-11-13 15:40:21,561 INFO  ExportHelperExtension.cs: 1145 - Found 0 features of type [CoordSys] in Rigid_Verowhite-1
2023-11-13 15:40:21,561 INFO  ExportHelperExtension.cs: 1125 - Retrieving features of type [RefAxis] from 装配体2.SLDASM
2023-11-13 15:40:21,562 INFO  ExportHelperExtension.cs: 1136 - Found 38 in 装配体2.SLDASM
2023-11-13 15:40:21,562 INFO  ExportHelperExtension.cs: 1145 - Found 0 features of type [RefAxis] in 装配体2.SLDASM
2023-11-13 15:40:21,562 INFO  ExportHelperExtension.cs: 1148 - Proceeding through assembly components
2023-11-13 15:40:21,562 INFO  ExportHelperExtension.cs: 1160 - 4 components to check
2023-11-13 15:40:21,563 INFO  ExportHelperExtension.cs: 1125 - Retrieving features of type [RefAxis] from Mount-1
2023-11-13 15:40:21,563 INFO  ExportHelperExtension.cs: 1136 - Found 52 in Mount-1
2023-11-13 15:40:21,563 INFO  ExportHelperExtension.cs: 1145 - Found 0 features of type [RefAxis] in Mount-1
2023-11-13 15:40:21,563 INFO  ExportHelperExtension.cs: 1125 - Retrieving features of type [RefAxis] from Tip_Verowhite-1
2023-11-13 15:40:21,564 INFO  ExportHelperExtension.cs: 1136 - Found 162 in Tip_Verowhite-1
2023-11-13 15:40:21,564 INFO  ExportHelperExtension.cs: 1145 - Found 0 features of type [RefAxis] in Tip_Verowhite-1
2023-11-13 15:40:21,564 INFO  ExportHelperExtension.cs: 1125 - Retrieving features of type [RefAxis] from Soft_Agilus-1
2023-11-13 15:40:21,565 INFO  ExportHelperExtension.cs: 1136 - Found 114 in Soft_Agilus-1
2023-11-13 15:40:21,565 INFO  ExportHelperExtension.cs: 1145 - Found 0 features of type [RefAxis] in Soft_Agilus-1
2023-11-13 15:40:21,565 INFO  ExportHelperExtension.cs: 1125 - Retrieving features of type [RefAxis] from Rigid_Verowhite-1
2023-11-13 15:40:21,565 INFO  ExportHelperExtension.cs: 1136 - Found 32 in Rigid_Verowhite-1
2023-11-13 15:40:21,566 INFO  ExportHelperExtension.cs: 1145 - Found 0 features of type [RefAxis] in Rigid_Verowhite-1
2023-11-13 15:40:21,748 INFO  SwAddin.cs: 339 - Loading config tree
2023-11-13 15:40:21,749 INFO  ExportPropertyManagerExtension.cs: 520 - Starting new configuration
2023-11-13 15:40:21,750 INFO  SwAddin.cs: 344 - Showing property manager
2023-11-13 15:40:49,405 INFO  ExportPropertyManager.cs: 1136 - OnNumberBoxTrackingCompleted called. This method no longer throws an Exception. It just silently does nothing. Ok, except for this logging message
2023-11-13 15:41:00,006 INFO  ExportPropertyManager.cs: 1136 - OnNumberBoxTrackingCompleted called. This method no longer throws an Exception. It just silently does nothing. Ok, except for this logging message
2023-11-13 15:41:21,392 INFO  ExportPropertyManager.cs: 1136 - OnNumberBoxTrackingCompleted called. This method no longer throws an Exception. It just silently does nothing. Ok, except for this logging message
2023-11-13 15:41:31,142 INFO  ExportPropertyManager.cs: 1136 - OnNumberBoxTrackingCompleted called. This method no longer throws an Exception. It just silently does nothing. Ok, except for this logging message
2023-11-13 15:42:37,562 INFO  ExportPropertyManager.cs: 422 - Configuration saved
2023-11-13 15:42:38,646 INFO  ExportHelperExtension.cs: 347 - Creating joint Rigid
2023-11-13 15:42:38,650 INFO  ExportHelperExtension.cs: 1397 - Fixing components for Mount
2023-11-13 15:42:38,651 INFO  ExportHelperExtension.cs: 1402 - Fixing 34
2023-11-13 15:42:38,748 INFO  ExportHelperExtension.cs: 832 - R1: 0, 0
2023-11-13 15:42:38,748 INFO  ExportHelperExtension.cs: 841 - R2: 0, 0
2023-11-13 15:42:38,748 INFO  ExportHelperExtension.cs: 849 - L1: 0
2023-11-13 15:42:38,748 INFO  ExportHelperExtension.cs: 857 - L2: 0
2023-11-13 15:42:38,814 INFO  ExportHelperExtension.cs: 1352 - Unfixing component 34
2023-11-13 15:42:39,529 WARN  ExportHelperExtension.cs: 351 - Creating joint from parent Mount to child Rigid failed
2023-11-13 15:42:39,557 INFO  ExportHelperExtension.cs: 347 - Creating joint Soft
2023-11-13 15:42:39,557 INFO  ExportHelperExtension.cs: 1397 - Fixing components for Rigid
2023-11-13 15:42:39,557 INFO  ExportHelperExtension.cs: 1402 - Fixing 18
2023-11-13 15:42:39,557 INFO  ExportHelperExtension.cs: 1402 - Fixing 34
2023-11-13 15:42:39,661 INFO  ExportHelperExtension.cs: 832 - R1: 0, 0
2023-11-13 15:42:39,661 INFO  ExportHelperExtension.cs: 841 - R2: 0, 0
2023-11-13 15:42:39,662 INFO  ExportHelperExtension.cs: 849 - L1: 0
2023-11-13 15:42:39,662 INFO  ExportHelperExtension.cs: 857 - L2: 0
2023-11-13 15:42:39,662 INFO  ExportHelperExtension.cs: 1352 - Unfixing component 18
2023-11-13 15:42:39,662 INFO  ExportHelperExtension.cs: 1352 - Unfixing component 34
2023-11-13 15:42:40,347 WARN  ExportHelperExtension.cs: 351 - Creating joint from parent Rigid to child Soft failed
2023-11-13 15:42:40,407 INFO  ExportHelperExtension.cs: 347 - Creating joint Pin
2023-11-13 15:42:40,407 INFO  ExportHelperExtension.cs: 1397 - Fixing components for Soft
2023-11-13 15:42:40,407 INFO  ExportHelperExtension.cs: 1402 - Fixing 19
2023-11-13 15:42:40,407 INFO  ExportHelperExtension.cs: 1402 - Fixing 18
2023-11-13 15:42:40,407 INFO  ExportHelperExtension.cs: 1402 - Fixing 34
2023-11-13 15:42:40,554 INFO  ExportHelperExtension.cs: 832 - R1: 0, 0
2023-11-13 15:42:40,555 INFO  ExportHelperExtension.cs: 841 - R2: 0, 0
2023-11-13 15:42:40,555 INFO  ExportHelperExtension.cs: 849 - L1: 0
2023-11-13 15:42:40,555 INFO  ExportHelperExtension.cs: 857 - L2: 0
2023-11-13 15:42:40,556 INFO  ExportHelperExtension.cs: 1352 - Unfixing component 19
2023-11-13 15:42:40,556 INFO  ExportHelperExtension.cs: 1352 - Unfixing component 18
2023-11-13 15:42:40,556 INFO  ExportHelperExtension.cs: 1352 - Unfixing component 34
2023-11-13 15:42:41,258 WARN  ExportHelperExtension.cs: 351 - Creating joint from parent Soft to child Pin failed
2023-11-13 15:42:41,403 INFO  ExportHelperExtension.cs: 1125 - Retrieving features of type [CoordSys] from 装配体2.SLDASM
2023-11-13 15:42:41,404 INFO  ExportHelperExtension.cs: 1136 - Found 44 in 装配体2.SLDASM
2023-11-13 15:42:41,404 INFO  ExportHelperExtension.cs: 1145 - Found 8 features of type [CoordSys] in 装配体2.SLDASM
2023-11-13 15:42:41,404 INFO  ExportHelperExtension.cs: 1148 - Proceeding through assembly components
2023-11-13 15:42:41,405 INFO  ExportHelperExtension.cs: 1160 - 4 components to check
2023-11-13 15:42:41,405 INFO  ExportHelperExtension.cs: 1125 - Retrieving features of type [CoordSys] from Mount-1
2023-11-13 15:42:41,405 INFO  ExportHelperExtension.cs: 1136 - Found 52 in Mount-1
2023-11-13 15:42:41,406 INFO  ExportHelperExtension.cs: 1145 - Found 0 features of type [CoordSys] in Mount-1
2023-11-13 15:42:41,406 INFO  ExportHelperExtension.cs: 1125 - Retrieving features of type [CoordSys] from Tip_Verowhite-1
2023-11-13 15:42:41,406 INFO  ExportHelperExtension.cs: 1136 - Found 162 in Tip_Verowhite-1
2023-11-13 15:42:41,407 INFO  ExportHelperExtension.cs: 1145 - Found 0 features of type [CoordSys] in Tip_Verowhite-1
2023-11-13 15:42:41,407 INFO  ExportHelperExtension.cs: 1125 - Retrieving features of type [CoordSys] from Soft_Agilus-1
2023-11-13 15:42:41,408 INFO  ExportHelperExtension.cs: 1136 - Found 114 in Soft_Agilus-1
2023-11-13 15:42:41,408 INFO  ExportHelperExtension.cs: 1145 - Found 0 features of type [CoordSys] in Soft_Agilus-1
2023-11-13 15:42:41,408 INFO  ExportHelperExtension.cs: 1125 - Retrieving features of type [CoordSys] from Rigid_Verowhite-1
2023-11-13 15:42:41,409 INFO  ExportHelperExtension.cs: 1136 - Found 32 in Rigid_Verowhite-1
2023-11-13 15:42:41,409 INFO  ExportHelperExtension.cs: 1145 - Found 0 features of type [CoordSys] in Rigid_Verowhite-1
2023-11-13 15:42:41,409 INFO  ExportHelperExtension.cs: 1125 - Retrieving features of type [RefAxis] from 装配体2.SLDASM
2023-11-13 15:42:41,409 INFO  ExportHelperExtension.cs: 1136 - Found 44 in 装配体2.SLDASM
2023-11-13 15:42:41,410 INFO  ExportHelperExtension.cs: 1145 - Found 0 features of type [RefAxis] in 装配体2.SLDASM
2023-11-13 15:42:41,410 INFO  ExportHelperExtension.cs: 1148 - Proceeding through assembly components
2023-11-13 15:42:41,410 INFO  ExportHelperExtension.cs: 1160 - 4 components to check
2023-11-13 15:42:41,410 INFO  ExportHelperExtension.cs: 1125 - Retrieving features of type [RefAxis] from Mount-1
2023-11-13 15:42:41,411 INFO  ExportHelperExtension.cs: 1136 - Found 52 in Mount-1
2023-11-13 15:42:41,411 INFO  ExportHelperExtension.cs: 1145 - Found 0 features of type [RefAxis] in Mount-1
2023-11-13 15:42:41,411 INFO  ExportHelperExtension.cs: 1125 - Retrieving features of type [RefAxis] from Tip_Verowhite-1
2023-11-13 15:42:41,411 INFO  ExportHelperExtension.cs: 1136 - Found 162 in Tip_Verowhite-1
2023-11-13 15:42:41,412 INFO  ExportHelperExtension.cs: 1145 - Found 0 features of type [RefAxis] in Tip_Verowhite-1
2023-11-13 15:42:41,412 INFO  ExportHelperExtension.cs: 1125 - Retrieving features of type [RefAxis] from Soft_Agilus-1
2023-11-13 15:42:41,412 INFO  ExportHelperExtension.cs: 1136 - Found 114 in Soft_Agilus-1
2023-11-13 15:42:41,412 INFO  ExportHelperExtension.cs: 1145 - Found 0 features of type [RefAxis] in Soft_Agilus-1
2023-11-13 15:42:41,412 INFO  ExportHelperExtension.cs: 1125 - Retrieving features of type [RefAxis] from Rigid_Verowhite-1
2023-11-13 15:42:41,412 INFO  ExportHelperExtension.cs: 1136 - Found 32 in Rigid_Verowhite-1
2023-11-13 15:42:41,412 INFO  ExportHelperExtension.cs: 1145 - Found 0 features of type [RefAxis] in Rigid_Verowhite-1
2023-11-13 15:42:41,441 INFO  ExportPropertyManager.cs: 1142 - AfterClose called. This method no longer throws an Exception. It just silently does nothing. Ok, except for this logging message
2023-11-13 15:43:36,697 INFO  AssemblyExportForm.cs: 253 - Completing URDF export
2023-11-13 15:43:36,697 INFO  ConfigurationSerialization.cs: 276 - URDF Configuration found
<Link z:Id="i1" xmlns="http://schemas.datacontract.org/2004/07/SW2URDF" xmlns:i="http://www.w3.org/2001/XMLSchema-instance" xmlns:z="http://schemas.microsoft.com/2003/10/Serialization/"><Attributes><Attribute z:Id="i2"><AttributeType>name</AttributeType><IsRequired>true</IsRequired><Value i:type="a:string" xmlns:a="http://www.w3.org/2001/XMLSchema">Mount</Value></Attribute></Attributes><ChildElements><URDFElement z:Id="i3" i:type="Inertial"><Attributes/><ChildElements><URDFElement z:Id="i4" i:type="Origin"><Attributes><Attribute z:Id="i5"><AttributeType>xyz</AttributeType><IsRequired>true</IsRequired><Value i:type="a:ArrayOfdouble" xmlns:a="http://schemas.microsoft.com/2003/10/Serialization/Arrays"><a:double>0</a:double><a:double>0</a:double><a:double>0</a:double></Value></Attribute><Attribute z:Id="i6"><AttributeType>rpy</AttributeType><IsRequired>true</IsRequired><Value i:type="a:ArrayOfdouble" xmlns:a="http://schemas.microsoft.com/2003/10/Serialization/Arrays"><a:double>0</a:double><a:double>0</a:double><a:double>0</a:double></Value></Attribute></Attributes><ChildElements/><ElementName>origin</ElementName><required>false</required><RPYAttribute z:Ref="i6"/><XYZAttribute z:Ref="i5"/><isCustomized>false</isCustomized></URDFElement><URDFElement z:Id="i7" i:type="Mass"><Attributes><Attribute z:Id="i8"><AttributeType>value</AttributeType><IsRequired>true</IsRequired><Value i:type="a:double" xmlns:a="http://www.w3.org/2001/XMLSchema">0</Value></Attribute></Attributes><ChildElements/><ElementName>mass</ElementName><required>false</required><ValueAttribute z:Ref="i8"/></URDFElement><URDFElement z:Id="i9" i:type="Inertia"><Attributes><Attribute z:Id="i10"><AttributeType>ixx</AttributeType><IsRequired>true</IsRequired><Value i:type="a:double" xmlns:a="http://www.w3.org/2001/XMLSchema">0</Value></Attribute><Attribute z:Id="i11"><AttributeType>ixy</AttributeType><IsRequired>true</IsRequired><Value i:type="a:double" xmlns:a="http://www.w3.org/2001/XMLSchema">0</Value></Attribute><Attribute z:Id="i12"><AttributeType>ixz</AttributeType><IsRequired>true</IsRequired><Value i:type="a:double" xmlns:a="http://www.w3.org/2001/XMLSchema">0</Value></Attribute><Attribute z:Id="i13"><AttributeType>iyy</AttributeType><IsRequired>true</IsRequired><Value i:type="a:double" xmlns:a="http://www.w3.org/2001/XMLSchema">0</Value></Attribute><Attribute z:Id="i14"><AttributeType>iyz</AttributeType><IsRequired>true</IsRequired><Value i:type="a:double" xmlns:a="http://www.w3.org/2001/XMLSchema">0</Value></Attribute><Attribute z:Id="i15"><AttributeType>izz</AttributeType><IsRequired>true</IsRequired><Value i:type="a:double" xmlns:a="http://www.w3.org/2001/XMLSchema">0</Value></Attribute></Attributes><ChildElements/><ElementName>inertia</ElementName><required>false</required><IxxAttribute z:Ref="i10"/><IxyAttribute z:Ref="i11"/><IxzAttribute z:Ref="i12"/><IyyAttribute z:Ref="i13"/><IyzAttribute z:Ref="i14"/><IzzAttribute z:Ref="i15"/></URDFElement></ChildElements><ElementName>inertial</ElementName><required>false</required><Inertia z:Ref="i9"/><Mass z:Ref="i7"/><Origin z:Ref="i4"/></URDFElement><URDFElement z:Id="i16" i:type="Visual"><Attributes/><ChildElements><URDFElement z:Id="i17" i:type="Origin"><Attributes><Attribute z:Id="i18"><AttributeType>xyz</AttributeType><IsRequired>true</IsRequired><Value i:type="a:ArrayOfdouble" xmlns:a="http://schemas.microsoft.com/2003/10/Serialization/Arrays"><a:double>0</a:double><a:double>0</a:double><a:double>0</a:double></Value></Attribute><Attribute z:Id="i19"><AttributeType>rpy</AttributeType><IsRequired>true</IsRequired><Value i:type="a:ArrayOfdouble" xmlns:a="http://schemas.microsoft.com/2003/10/Serialization/Arrays"><a:double>0</a:double><a:double>0</a:double><a:double>0</a:double></Value></Attribute></Attributes><ChildElements/><ElementName>origin</ElementName><required>false</required><RPYAttribute z:Ref="i19"/><XYZAttribute z:Ref="i18"/><isCustomized>false</isCustomized></URDFElement><URDFElement z:Id="i20" i:type="Geometry"><Attributes/><ChildElements><URDFElement z:Id="i21" i:type="Mesh"><Attributes><Attribute z:Id="i22"><AttributeType>filename</AttributeType><IsRequired>true</IsRequired><Value i:nil="true"/></Attribute></Attributes><ChildElements/><ElementName>mesh</ElementName><required>false</required><FilenameAttribute z:Ref="i22"/></URDFElement></ChildElements><ElementName>geometry</ElementName><required>true</required><Mesh z:Ref="i21"/></URDFElement><URDFElement z:Id="i23" i:type="Material"><Attributes><Attribute z:Id="i24"><AttributeType>name</AttributeType><IsRequired>true</IsRequired><Value i:type="a:string" xmlns:a="http://www.w3.org/2001/XMLSchema"/></Attribute></Attributes><ChildElements><URDFElement z:Id="i25" i:type="Color"><Attributes><Attribute z:Id="i26"><AttributeType>rgba</AttributeType><IsRequired>true</IsRequired><Value i:type="a:ArrayOfdouble" xmlns:a="http://schemas.microsoft.com/2003/10/Serialization/Arrays"><a:double>1</a:double><a:double>1</a:double><a:double>1</a:double><a:double>1</a:double></Value></Attribute></Attributes><ChildElements/><ElementName>color</ElementName><required>false</required><RGBAAttribute z:Ref="i26"/></URDFElement><URDFElement z:Id="i27" i:type="Texture"><Attributes><Attribute z:Id="i28"><AttributeType>filename</AttributeType><IsRequired>true</IsRequired><Value i:nil="true"/></Attribute></Attributes><ChildElements/><ElementName>texture</ElementName><required>false</required><FilenameAttribute z:Ref="i28"/><wFilename/></URDFElement></ChildElements><ElementName>material</ElementName><required>false</required><Color z:Ref="i25"/><NameAttribute z:Ref="i24"/><Texture z:Ref="i27"/></URDFElement></ChildElements><ElementName>visual</ElementName><required>false</required><Geometry z:Ref="i20"/><Material z:Ref="i23"/><Origin z:Ref="i17"/></URDFElement><URDFElement z:Id="i29" i:type="Collision"><Attributes/><ChildElements><URDFElement z:Id="i30" i:type="Origin"><Attributes><Attribute z:Id="i31"><AttributeType>xyz</AttributeType><IsRequired>true</IsRequired><Value i:type="a:ArrayOfdouble" xmlns:a="http://schemas.microsoft.com/2003/10/Serialization/Arrays"><a:double>0</a:double><a:double>0</a:double><a:double>0</a:double></Value></Attribute><Attribute z:Id="i32"><AttributeType>rpy</AttributeType><IsRequired>true</IsRequired><Value i:type="a:ArrayOfdouble" xmlns:a="http://schemas.microsoft.com/2003/10/Serialization/Arrays"><a:double>0</a:double><a:double>0</a:double><a:double>0</a:double></Value></Attribute></Attributes><ChildElements/><ElementName>origin</ElementName><required>false</required><RPYAttribute z:Ref="i32"/><XYZAttribute z:Ref="i31"/><isCustomized>false</isCustomized></URDFElement><URDFElement z:Id="i33" i:type="Geometry"><Attributes/><ChildElements><URDFElement z:Id="i34" i:type="Mesh"><Attributes><Attribute z:Id="i35"><AttributeType>filename</AttributeType><IsRequired>true</IsRequired><Value i:nil="true"/></Attribute></Attributes><ChildElements/><ElementName>mesh</ElementName><required>false</required><FilenameAttribute z:Ref="i35"/></URDFElement></ChildElements><ElementName>geometry</ElementName><required>true</required><Mesh z:Ref="i34"/></URDFElement></ChildElements><ElementName>collision</ElementName><required>false</required><Geometry z:Ref="i33"/><Origin z:Ref="i30"/></URDFElement><URDFElement z:Id="i36" i:type="Joint"><Attributes><Attribute z:Id="i37"><AttributeType>name</AttributeType><IsRequired>true</IsRequired><Value i:type="a:string" xmlns:a="http://www.w3.org/2001/XMLSchema"/></Attribute><Attribute z:Id="i38"><AttributeType>type</AttributeType><IsRequired>true</IsRequired><Value i:type="a:string" xmlns:a="http://www.w3.org/2001/XMLSchema"/></Attribute></Attributes><ChildElements><URDFElement z:Id="i39" i:type="Origin"><Attributes><Attribute z:Id="i40"><AttributeType>xyz</AttributeType><IsRequired>true</IsRequired><Value i:type="a:ArrayOfdouble" xmlns:a="http://schemas.microsoft.com/2003/10/Serialization/Arrays"><a:double>0</a:double><a:double>0</a:double><a:double>0</a:double></Value></Attribute><Attribute z:Id="i41"><AttributeType>rpy</AttributeType><IsRequired>true</IsRequired><Value i:type="a:ArrayOfdouble" xmlns:a="http://schemas.microsoft.com/2003/10/Serialization/Arrays"><a:double>0</a:double><a:double>0</a:double><a:double>0</a:double></Value></Attribute></Attributes><ChildElements/><ElementName>origin</ElementName><required>false</required><RPYAttribute z:Ref="i41"/><XYZAttribute z:Ref="i40"/><isCustomized>false</isCustomized></URDFElement><URDFElement z:Id="i42" i:type="ParentLink"><Attributes><Attribute z:Id="i43"><AttributeType>link</AttributeType><IsRequired>true</IsRequired><Value i:type="a:string" xmlns:a="http://www.w3.org/2001/XMLSchema"/></Attribute></Attributes><ChildElements/><ElementName>parent</ElementName><required>true</required><NameAttribute z:Ref="i43"/></URDFElement><URDFElement z:Id="i44" i:type="ChildLink"><Attributes><Attribute z:Id="i45"><AttributeType>link</AttributeType><IsRequired>true</IsRequired><Value i:type="a:string" xmlns:a="http://www.w3.org/2001/XMLSchema"/></Attribute></Attributes><ChildElements/><ElementName>child</ElementName><required>true</required><NameAttribute z:Ref="i45"/></URDFElement><URDFElement z:Id="i46" i:type="Axis"><Attributes><Attribute z:Id="i47"><AttributeType>xyz</AttributeType><IsRequired>true</IsRequired><Value i:type="a:ArrayOfdouble" xmlns:a="http://schemas.microsoft.com/2003/10/Serialization/Arrays"><a:double>0</a:double><a:double>0</a:double><a:double>0</a:double></Value></Attribute></Attributes><ChildElements/><ElementName>axis</ElementName><required>false</required><XYZAttribute z:Ref="i47"/></URDFElement><URDFElement z:Id="i48" i:type="Limit"><Attributes><Attribute z:Id="i49"><AttributeType>lower</AttributeType><IsRequired>false</IsRequired><Value i:nil="true"/></Attribute><Attribute z:Id="i50"><AttributeType>upper</AttributeType><IsRequired>false</IsRequired><Value i:nil="true"/></Attribute><Attribute z:Id="i51"><AttributeType>effort</AttributeType><IsRequired>true</IsRequired><Value i:nil="true"/></Attribute><Attribute z:Id="i52"><AttributeType>velocity</AttributeType><IsRequired>true</IsRequired><Value i:nil="true"/></Attribute></Attributes><ChildElements/><ElementName>limit</ElementName><required>false</required><EffortAttribute z:Ref="i51"/><LowerAttribute z:Ref="i49"/><UpperAttribute z:Ref="i50"/><VelocityAttribute z:Ref="i52"/></URDFElement><URDFElement z:Id="i53" i:type="Calibration"><Attributes><Attribute z:Id="i54"><AttributeType>rising</AttributeType><IsRequired>false</IsRequired><Value i:nil="true"/></Attribute><Attribute z:Id="i55"><AttributeType>falling</AttributeType><IsRequired>false</IsRequired><Value i:nil="true"/></Attribute></Attributes><ChildElements/><ElementName>calibration</ElementName><required>false</required><FallingAttribute z:Ref="i55"/><RisingAttribute z:Ref="i54"/></URDFElement><URDFElement z:Id="i56" i:type="Dynamics"><Attributes><Attribute z:Id="i57"><AttributeType>damping</AttributeType><IsRequired>false</IsRequired><Value i:nil="true"/></Attribute><Attribute z:Id="i58"><AttributeType>friction</AttributeType><IsRequired>false</IsRequired><Value i:nil="true"/></Attribute></Attributes><ChildElements/><ElementName>dynamics</ElementName><required>false</required><DampingAttribute z:Ref="i57"/><FrictionAttribute z:Ref="i58"/></URDFElement><URDFElement z:Id="i59" i:type="SafetyController"><Attributes><Attribute z:Id="i60"><AttributeType>soft_upper_limit</AttributeType><IsRequired>false</IsRequired><Value i:nil="true"/></Attribute><Attribute z:Id="i61"><AttributeType>soft_lower_limit</AttributeType><IsRequired>false</IsRequired><Value i:nil="true"/></Attribute><Attribute z:Id="i62"><AttributeType>k_position</AttributeType><IsRequired>false</IsRequired><Value i:nil="true"/></Attribute><Attribute z:Id="i63"><AttributeType>k_velocity</AttributeType><IsRequired>true</IsRequired><Value i:nil="true"/></Attribute></Attributes><ChildElements/><ElementName>safety_controller</ElementName><required>false</required><KPositionAttribute z:Ref="i62"/><KVelocityAttribute z:Ref="i63"/><SoftLowerAttribute z:Ref="i61"/><SoftUpperAttribute z:Ref="i60"/></URDFElement><URDFElement z:Id="i64" i:type="Mimic"><Attributes><Attribute z:Id="i65"><AttributeType>joint</AttributeType><IsRequired>true</IsRequired><Value i:nil="true"/></Attribute><Attribute z:Id="i66"><AttributeType>multiplier</AttributeType><IsRequired>false</IsRequired><Value i:nil="true"/></Attribute><Attribute z:Id="i67"><AttributeType>offset</AttributeType><IsRequired>false</IsRequired><Value i:nil="true"/></Attribute></Attributes><ChildElements/><ElementName>mimic</ElementName><required>false</required><JointNameAttribute z:Ref="i65"/><MultiplierAttribute z:Ref="i66"/><OffsetAttribute z:Ref="i67"/></URDFElement></ChildElements><ElementName>joint</ElementName><required>false</required><Axis z:Ref="i46"/><AxisName/><Calibration z:Ref="i53"/><Child z:Ref="i44"/><CoordinateSystemName>Automatically Generate</CoordinateSystemName><Dynamics z:Ref="i56"/><Limit z:Ref="i48"/><Mimic z:Ref="i64"/><NameAttribute z:Ref="i37"/><Origin z:Ref="i39"/><Parent z:Ref="i42"/><Safety z:Ref="i59"/><TypeAttribute z:Ref="i38"/></URDFElement></ChildElements><ElementName>link</ElementName><required>true</required><Children><Link z:Id="i68"><Attributes><Attribute z:Id="i69"><AttributeType>name</AttributeType><IsRequired>true</IsRequired><Value i:type="a:string" xmlns:a="http://www.w3.org/2001/XMLSchema">Rigid</Value></Attribute></Attributes><ChildElements><URDFElement z:Id="i70" i:type="Inertial"><Attributes/><ChildElements><URDFElement z:Id="i71" i:type="Origin"><Attributes><Attribute z:Id="i72"><AttributeType>xyz</AttributeType><IsRequired>true</IsRequired><Value i:type="a:ArrayOfdouble" xmlns:a="http://schemas.microsoft.com/2003/10/Serialization/Arrays"><a:double>0</a:double><a:double>0</a:double><a:double>0</a:double></Value></Attribute><Attribute z:Id="i73"><AttributeType>rpy</AttributeType><IsRequired>true</IsRequired><Value i:type="a:ArrayOfdouble" xmlns:a="http://schemas.microsoft.com/2003/10/Serialization/Arrays"><a:double>0</a:double><a:double>0</a:double><a:double>0</a:double></Value></Attribute></Attributes><ChildElements/><ElementName>origin</ElementName><required>false</required><RPYAttribute z:Ref="i73"/><XYZAttribute z:Ref="i72"/><isCustomized>false</isCustomized></URDFElement><URDFElement z:Id="i74" i:type="Mass"><Attributes><Attribute z:Id="i75"><AttributeType>value</AttributeType><IsRequired>true</IsRequired><Value i:type="a:double" xmlns:a="http://www.w3.org/2001/XMLSchema">0</Value></Attribute></Attributes><ChildElements/><ElementName>mass</ElementName><required>false</required><ValueAttribute z:Ref="i75"/></URDFElement><URDFElement z:Id="i76" i:type="Inertia"><Attributes><Attribute z:Id="i77"><AttributeType>ixx</AttributeType><IsRequired>true</IsRequired><Value i:type="a:double" xmlns:a="http://www.w3.org/2001/XMLSchema">0</Value></Attribute><Attribute z:Id="i78"><AttributeType>ixy</AttributeType><IsRequired>true</IsRequired><Value i:type="a:double" xmlns:a="http://www.w3.org/2001/XMLSchema">0</Value></Attribute><Attribute z:Id="i79"><AttributeType>ixz</AttributeType><IsRequired>true</IsRequired><Value i:type="a:double" xmlns:a="http://www.w3.org/2001/XMLSchema">0</Value></Attribute><Attribute z:Id="i80"><AttributeType>iyy</AttributeType><IsRequired>true</IsRequired><Value i:type="a:double" xmlns:a="http://www.w3.org/2001/XMLSchema">0</Value></Attribute><Attribute z:Id="i81"><AttributeType>iyz</AttributeType><IsRequired>true</IsRequired><Value i:type="a:double" xmlns:a="http://www.w3.org/2001/XMLSchema">0</Value></Attribute><Attribute z:Id="i82"><AttributeType>izz</AttributeType><IsRequired>true</IsRequired><Value i:type="a:double" xmlns:a="http://www.w3.org/2001/XMLSchema">0</Value></Attribute></Attributes><ChildElements/><ElementName>inertia</ElementName><required>false</required><IxxAttribute z:Ref="i77"/><IxyAttribute z:Ref="i78"/><IxzAttribute z:Ref="i79"/><IyyAttribute z:Ref="i80"/><IyzAttribute z:Ref="i81"/><IzzAttribute z:Ref="i82"/></URDFElement></ChildElements><ElementName>inertial</ElementName><required>false</required><Inertia z:Ref="i76"/><Mass z:Ref="i74"/><Origin z:Ref="i71"/></URDFElement><URDFElement z:Id="i83" i:type="Visual"><Attributes/><ChildElements><URDFElement z:Id="i84" i:type="Origin"><Attributes><Attribute z:Id="i85"><AttributeType>xyz</AttributeType><IsRequired>true</IsRequired><Value i:type="a:ArrayOfdouble" xmlns:a="http://schemas.microsoft.com/2003/10/Serialization/Arrays"><a:double>0</a:double><a:double>0</a:double><a:double>0</a:double></Value></Attribute><Attribute z:Id="i86"><AttributeType>rpy</AttributeType><IsRequired>true</IsRequired><Value i:type="a:ArrayOfdouble" xmlns:a="http://schemas.microsoft.com/2003/10/Serialization/Arrays"><a:double>0</a:double><a:double>0</a:double><a:double>0</a:double></Value></Attribute></Attributes><ChildElements/><ElementName>origin</ElementName><required>false</required><RPYAttribute z:Ref="i86"/><XYZAttribute z:Ref="i85"/><isCustomized>false</isCustomized></URDFElement><URDFElement z:Id="i87" i:type="Geometry"><Attributes/><ChildElements><URDFElement z:Id="i88" i:type="Mesh"><Attributes><Attribute z:Id="i89"><AttributeType>filename</AttributeType><IsRequired>true</IsRequired><Value i:nil="true"/></Attribute></Attributes><ChildElements/><ElementName>mesh</ElementName><required>false</required><FilenameAttribute z:Ref="i89"/></URDFElement></ChildElements><ElementName>geometry</ElementName><required>true</required><Mesh z:Ref="i88"/></URDFElement><URDFElement z:Id="i90" i:type="Material"><Attributes><Attribute z:Id="i91"><AttributeType>name</AttributeType><IsRequired>true</IsRequired><Value i:type="a:string" xmlns:a="http://www.w3.org/2001/XMLSchema"/></Attribute></Attributes><ChildElements><URDFElement z:Id="i92" i:type="Color"><Attributes><Attribute z:Id="i93"><AttributeType>rgba</AttributeType><IsRequired>true</IsRequired><Value i:type="a:ArrayOfdouble" xmlns:a="http://schemas.microsoft.com/2003/10/Serialization/Arrays"><a:double>1</a:double><a:double>1</a:double><a:double>1</a:double><a:double>1</a:double></Value></Attribute></Attributes><ChildElements/><ElementName>color</ElementName><required>false</required><RGBAAttribute z:Ref="i93"/></URDFElement><URDFElement z:Id="i94" i:type="Texture"><Attributes><Attribute z:Id="i95"><AttributeType>filename</AttributeType><IsRequired>true</IsRequired><Value i:nil="true"/></Attribute></Attributes><ChildElements/><ElementName>texture</ElementName><required>false</required><FilenameAttribute z:Ref="i95"/><wFilename/></URDFElement></ChildElements><ElementName>material</ElementName><required>false</required><Color z:Ref="i92"/><NameAttribute z:Ref="i91"/><Texture z:Ref="i94"/></URDFElement></ChildElements><ElementName>visual</ElementName><required>false</required><Geometry z:Ref="i87"/><Material z:Ref="i90"/><Origin z:Ref="i84"/></URDFElement><URDFElement z:Id="i96" i:type="Collision"><Attributes/><ChildElements><URDFElement z:Id="i97" i:type="Origin"><Attributes><Attribute z:Id="i98"><AttributeType>xyz</AttributeType><IsRequired>true</IsRequired><Value i:type="a:ArrayOfdouble" xmlns:a="http://schemas.microsoft.com/2003/10/Serialization/Arrays"><a:double>0</a:double><a:double>0</a:double><a:double>0</a:double></Value></Attribute><Attribute z:Id="i99"><AttributeType>rpy</AttributeType><IsRequired>true</IsRequired><Value i:type="a:ArrayOfdouble" xmlns:a="http://schemas.microsoft.com/2003/10/Serialization/Arrays"><a:double>0</a:double><a:double>0</a:double><a:double>0</a:double></Value></Attribute></Attributes><ChildElements/><ElementName>origin</ElementName><required>false</required><RPYAttribute z:Ref="i99"/><XYZAttribute z:Ref="i98"/><isCustomized>false</isCustomized></URDFElement><URDFElement z:Id="i100" i:type="Geometry"><Attributes/><ChildElements><URDFElement z:Id="i101" i:type="Mesh"><Attributes><Attribute z:Id="i102"><AttributeType>filename</AttributeType><IsRequired>true</IsRequired><Value i:nil="true"/></Attribute></Attributes><ChildElements/><ElementName>mesh</ElementName><required>false</required><FilenameAttribute z:Ref="i102"/></URDFElement></ChildElements><ElementName>geometry</ElementName><required>true</required><Mesh z:Ref="i101"/></URDFElement></ChildElements><ElementName>collision</ElementName><required>false</required><Geometry z:Ref="i100"/><Origin z:Ref="i97"/></URDFElement><URDFElement z:Id="i103" i:type="Joint"><Attributes><Attribute z:Id="i104"><AttributeType>name</AttributeType><IsRequired>true</IsRequired><Value i:type="a:string" xmlns:a="http://www.w3.org/2001/XMLSchema">rigid</Value></Attribute><Attribute z:Id="i105"><AttributeType>type</AttributeType><IsRequired>true</IsRequired><Value i:type="a:string" xmlns:a="http://www.w3.org/2001/XMLSchema">Automatically Detect</Value></Attribute></Attributes><ChildElements><URDFElement z:Id="i106" i:type="Origin"><Attributes><Attribute z:Id="i107"><AttributeType>xyz</AttributeType><IsRequired>true</IsRequired><Value i:type="a:ArrayOfdouble" xmlns:a="http://schemas.microsoft.com/2003/10/Serialization/Arrays"><a:double>0</a:double><a:double>0</a:double><a:double>0</a:double></Value></Attribute><Attribute z:Id="i108"><AttributeType>rpy</AttributeType><IsRequired>true</IsRequired><Value i:type="a:ArrayOfdouble" xmlns:a="http://schemas.microsoft.com/2003/10/Serialization/Arrays"><a:double>0</a:double><a:double>0</a:double><a:double>0</a:double></Value></Attribute></Attributes><ChildElements/><ElementName>origin</ElementName><required>false</required><RPYAttribute z:Ref="i108"/><XYZAttribute z:Ref="i107"/><isCustomized>false</isCustomized></URDFElement><URDFElement z:Id="i109" i:type="ParentLink"><Attributes><Attribute z:Id="i110"><AttributeType>link</AttributeType><IsRequired>true</IsRequired><Value i:type="a:string" xmlns:a="http://www.w3.org/2001/XMLSchema"/></Attribute></Attributes><ChildElements/><ElementName>parent</ElementName><required>true</required><NameAttribute z:Ref="i110"/></URDFElement><URDFElement z:Id="i111" i:type="ChildLink"><Attributes><Attribute z:Id="i112"><AttributeType>link</AttributeType><IsRequired>true</IsRequired><Value i:type="a:string" xmlns:a="http://www.w3.org/2001/XMLSchema"/></Attribute></Attributes><ChildElements/><ElementName>child</ElementName><required>true</required><NameAttribute z:Ref="i112"/></URDFElement><URDFElement z:Id="i113" i:type="Axis"><Attributes><Attribute z:Id="i114"><AttributeType>xyz</AttributeType><IsRequired>true</IsRequired><Value i:type="a:ArrayOfdouble" xmlns:a="http://schemas.microsoft.com/2003/10/Serialization/Arrays"><a:double>0</a:double><a:double>0</a:double><a:double>0</a:double></Value></Attribute></Attributes><ChildElements/><ElementName>axis</ElementName><required>false</required><XYZAttribute z:Ref="i114"/></URDFElement><URDFElement z:Id="i115" i:type="Limit"><Attributes><Attribute z:Id="i116"><AttributeType>lower</AttributeType><IsRequired>false</IsRequired><Value i:nil="true"/></Attribute><Attribute z:Id="i117"><AttributeType>upper</AttributeType><IsRequired>false</IsRequired><Value i:nil="true"/></Attribute><Attribute z:Id="i118"><AttributeType>effort</AttributeType><IsRequired>true</IsRequired><Value i:nil="true"/></Attribute><Attribute z:Id="i119"><AttributeType>velocity</AttributeType><IsRequired>true</IsRequired><Value i:nil="true"/></Attribute></Attributes><ChildElements/><ElementName>limit</ElementName><required>false</required><EffortAttribute z:Ref="i118"/><LowerAttribute z:Ref="i116"/><UpperAttribute z:Ref="i117"/><VelocityAttribute z:Ref="i119"/></URDFElement><URDFElement z:Id="i120" i:type="Calibration"><Attributes><Attribute z:Id="i121"><AttributeType>rising</AttributeType><IsRequired>false</IsRequired><Value i:nil="true"/></Attribute><Attribute z:Id="i122"><AttributeType>falling</AttributeType><IsRequired>false</IsRequired><Value i:nil="true"/></Attribute></Attributes><ChildElements/><ElementName>calibration</ElementName><required>false</required><FallingAttribute z:Ref="i122"/><RisingAttribute z:Ref="i121"/></URDFElement><URDFElement z:Id="i123" i:type="Dynamics"><Attributes><Attribute z:Id="i124"><AttributeType>damping</AttributeType><IsRequired>false</IsRequired><Value i:nil="true"/></Attribute><Attribute z:Id="i125"><AttributeType>friction</AttributeType><IsRequired>false</IsRequired><Value i:nil="true"/></Attribute></Attributes><ChildElements/><ElementName>dynamics</ElementName><required>false</required><DampingAttribute z:Ref="i124"/><FrictionAttribute z:Ref="i125"/></URDFElement><URDFElement z:Id="i126" i:type="SafetyController"><Attributes><Attribute z:Id="i127"><AttributeType>soft_upper_limit</AttributeType><IsRequired>false</IsRequired><Value i:nil="true"/></Attribute><Attribute z:Id="i128"><AttributeType>soft_lower_limit</AttributeType><IsRequired>false</IsRequired><Value i:nil="true"/></Attribute><Attribute z:Id="i129"><AttributeType>k_position</AttributeType><IsRequired>false</IsRequired><Value i:nil="true"/></Attribute><Attribute z:Id="i130"><AttributeType>k_velocity</AttributeType><IsRequired>true</IsRequired><Value i:nil="true"/></Attribute></Attributes><ChildElements/><ElementName>safety_controller</ElementName><required>false</required><KPositionAttribute z:Ref="i129"/><KVelocityAttribute z:Ref="i130"/><SoftLowerAttribute z:Ref="i128"/><SoftUpperAttribute z:Ref="i127"/></URDFElement><URDFElement z:Id="i131" i:type="Mimic"><Attributes><Attribute z:Id="i132"><AttributeType>joint</AttributeType><IsRequired>true</IsRequired><Value i:nil="true"/></Attribute><Attribute z:Id="i133"><AttributeType>multiplier</AttributeType><IsRequired>false</IsRequired><Value i:nil="true"/></Attribute><Attribute z:Id="i134"><AttributeType>offset</AttributeType><IsRequired>false</IsRequired><Value i:nil="true"/></Attribute></Attributes><ChildElements/><ElementName>mimic</ElementName><required>false</required><JointNameAttribute z:Ref="i132"/><MultiplierAttribute z:Ref="i133"/><OffsetAttribute z:Ref="i134"/></URDFElement></ChildElements><ElementName>joint</ElementName><required>false</required><Axis z:Ref="i113"/><AxisName>Automatically Generate</AxisName><Calibration z:Ref="i120"/><Child z:Ref="i111"/><CoordinateSystemName>Automatically Generate</CoordinateSystemName><Dynamics z:Ref="i123"/><Limit z:Ref="i115"/><Mimic z:Ref="i131"/><NameAttribute z:Ref="i104"/><Origin z:Ref="i106"/><Parent z:Ref="i109"/><Safety z:Ref="i126"/><TypeAttribute z:Ref="i105"/></URDFElement></ChildElements><ElementName>link</ElementName><required>true</required><Children><Link z:Id="i135"><Attributes><Attribute z:Id="i136"><AttributeType>name</AttributeType><IsRequired>true</IsRequired><Value i:type="a:string" xmlns:a="http://www.w3.org/2001/XMLSchema">Soft</Value></Attribute></Attributes><ChildElements><URDFElement z:Id="i137" i:type="Inertial"><Attributes/><ChildElements><URDFElement z:Id="i138" i:type="Origin"><Attributes><Attribute z:Id="i139"><AttributeType>xyz</AttributeType><IsRequired>true</IsRequired><Value i:type="a:ArrayOfdouble" xmlns:a="http://schemas.microsoft.com/2003/10/Serialization/Arrays"><a:double>0</a:double><a:double>0</a:double><a:double>0</a:double></Value></Attribute><Attribute z:Id="i140"><AttributeType>rpy</AttributeType><IsRequired>true</IsRequired><Value i:type="a:ArrayOfdouble" xmlns:a="http://schemas.microsoft.com/2003/10/Serialization/Arrays"><a:double>0</a:double><a:double>0</a:double><a:double>0</a:double></Value></Attribute></Attributes><ChildElements/><ElementName>origin</ElementName><required>false</required><RPYAttribute z:Ref="i140"/><XYZAttribute z:Ref="i139"/><isCustomized>false</isCustomized></URDFElement><URDFElement z:Id="i141" i:type="Mass"><Attributes><Attribute z:Id="i142"><AttributeType>value</AttributeType><IsRequired>true</IsRequired><Value i:type="a:double" xmlns:a="http://www.w3.org/2001/XMLSchema">0</Value></Attribute></Attributes><ChildElements/><ElementName>mass</ElementName><required>false</required><ValueAttribute z:Ref="i142"/></URDFElement><URDFElement z:Id="i143" i:type="Inertia"><Attributes><Attribute z:Id="i144"><AttributeType>ixx</AttributeType><IsRequired>true</IsRequired><Value i:type="a:double" xmlns:a="http://www.w3.org/2001/XMLSchema">0</Value></Attribute><Attribute z:Id="i145"><AttributeType>ixy</AttributeType><IsRequired>true</IsRequired><Value i:type="a:double" xmlns:a="http://www.w3.org/2001/XMLSchema">0</Value></Attribute><Attribute z:Id="i146"><AttributeType>ixz</AttributeType><IsRequired>true</IsRequired><Value i:type="a:double" xmlns:a="http://www.w3.org/2001/XMLSchema">0</Value></Attribute><Attribute z:Id="i147"><AttributeType>iyy</AttributeType><IsRequired>true</IsRequired><Value i:type="a:double" xmlns:a="http://www.w3.org/2001/XMLSchema">0</Value></Attribute><Attribute z:Id="i148"><AttributeType>iyz</AttributeType><IsRequired>true</IsRequired><Value i:type="a:double" xmlns:a="http://www.w3.org/2001/XMLSchema">0</Value></Attribute><Attribute z:Id="i149"><AttributeType>izz</AttributeType><IsRequired>true</IsRequired><Value i:type="a:double" xmlns:a="http://www.w3.org/2001/XMLSchema">0</Value></Attribute></Attributes><ChildElements/><ElementName>inertia</ElementName><required>false</required><IxxAttribute z:Ref="i144"/><IxyAttribute z:Ref="i145"/><IxzAttribute z:Ref="i146"/><IyyAttribute z:Ref="i147"/><IyzAttribute z:Ref="i148"/><IzzAttribute z:Ref="i149"/></URDFElement></ChildElements><ElementName>inertial</ElementName><required>false</required><Inertia z:Ref="i143"/><Mass z:Ref="i141"/><Origin z:Ref="i138"/></URDFElement><URDFElement z:Id="i150" i:type="Visual"><Attributes/><ChildElements><URDFElement z:Id="i151" i:type="Origin"><Attributes><Attribute z:Id="i152"><AttributeType>xyz</AttributeType><IsRequired>true</IsRequired><Value i:type="a:ArrayOfdouble" xmlns:a="http://schemas.microsoft.com/2003/10/Serialization/Arrays"><a:double>0</a:double><a:double>0</a:double><a:double>0</a:double></Value></Attribute><Attribute z:Id="i153"><AttributeType>rpy</AttributeType><IsRequired>true</IsRequired><Value i:type="a:ArrayOfdouble" xmlns:a="http://schemas.microsoft.com/2003/10/Serialization/Arrays"><a:double>0</a:double><a:double>0</a:double><a:double>0</a:double></Value></Attribute></Attributes><ChildElements/><ElementName>origin</ElementName><required>false</required><RPYAttribute z:Ref="i153"/><XYZAttribute z:Ref="i152"/><isCustomized>false</isCustomized></URDFElement><URDFElement z:Id="i154" i:type="Geometry"><Attributes/><ChildElements><URDFElement z:Id="i155" i:type="Mesh"><Attributes><Attribute z:Id="i156"><AttributeType>filename</AttributeType><IsRequired>true</IsRequired><Value i:nil="true"/></Attribute></Attributes><ChildElements/><ElementName>mesh</ElementName><required>false</required><FilenameAttribute z:Ref="i156"/></URDFElement></ChildElements><ElementName>geometry</ElementName><required>true</required><Mesh z:Ref="i155"/></URDFElement><URDFElement z:Id="i157" i:type="Material"><Attributes><Attribute z:Id="i158"><AttributeType>name</AttributeType><IsRequired>true</IsRequired><Value i:type="a:string" xmlns:a="http://www.w3.org/2001/XMLSchema"/></Attribute></Attributes><ChildElements><URDFElement z:Id="i159" i:type="Color"><Attributes><Attribute z:Id="i160"><AttributeType>rgba</AttributeType><IsRequired>true</IsRequired><Value i:type="a:ArrayOfdouble" xmlns:a="http://schemas.microsoft.com/2003/10/Serialization/Arrays"><a:double>1</a:double><a:double>1</a:double><a:double>1</a:double><a:double>1</a:double></Value></Attribute></Attributes><ChildElements/><ElementName>color</ElementName><required>false</required><RGBAAttribute z:Ref="i160"/></URDFElement><URDFElement z:Id="i161" i:type="Texture"><Attributes><Attribute z:Id="i162"><AttributeType>filename</AttributeType><IsRequired>true</IsRequired><Value i:nil="true"/></Attribute></Attributes><ChildElements/><ElementName>texture</ElementName><required>false</required><FilenameAttribute z:Ref="i162"/><wFilename/></URDFElement></ChildElements><ElementName>material</ElementName><required>false</required><Color z:Ref="i159"/><NameAttribute z:Ref="i158"/><Texture z:Ref="i161"/></URDFElement></ChildElements><ElementName>visual</ElementName><required>false</required><Geometry z:Ref="i154"/><Material z:Ref="i157"/><Origin z:Ref="i151"/></URDFElement><URDFElement z:Id="i163" i:type="Collision"><Attributes/><ChildElements><URDFElement z:Id="i164" i:type="Origin"><Attributes><Attribute z:Id="i165"><AttributeType>xyz</AttributeType><IsRequired>true</IsRequired><Value i:type="a:ArrayOfdouble" xmlns:a="http://schemas.microsoft.com/2003/10/Serialization/Arrays"><a:double>0</a:double><a:double>0</a:double><a:double>0</a:double></Value></Attribute><Attribute z:Id="i166"><AttributeType>rpy</AttributeType><IsRequired>true</IsRequired><Value i:type="a:ArrayOfdouble" xmlns:a="http://schemas.microsoft.com/2003/10/Serialization/Arrays"><a:double>0</a:double><a:double>0</a:double><a:double>0</a:double></Value></Attribute></Attributes><ChildElements/><ElementName>origin</ElementName><required>false</required><RPYAttribute z:Ref="i166"/><XYZAttribute z:Ref="i165"/><isCustomized>false</isCustomized></URDFElement><URDFElement z:Id="i167" i:type="Geometry"><Attributes/><ChildElements><URDFElement z:Id="i168" i:type="Mesh"><Attributes><Attribute z:Id="i169"><AttributeType>filename</AttributeType><IsRequired>true</IsRequired><Value i:nil="true"/></Attribute></Attributes><ChildElements/><ElementName>mesh</ElementName><required>false</required><FilenameAttribute z:Ref="i169"/></URDFElement></ChildElements><ElementName>geometry</ElementName><required>true</required><Mesh z:Ref="i168"/></URDFElement></ChildElements><ElementName>collision</ElementName><required>false</required><Geometry z:Ref="i167"/><Origin z:Ref="i164"/></URDFElement><URDFElement z:Id="i170" i:type="Joint"><Attributes><Attribute z:Id="i171"><AttributeType>name</AttributeType><IsRequired>true</IsRequired><Value i:type="a:string" xmlns:a="http://www.w3.org/2001/XMLSchema">soft</Value></Attribute><Attribute z:Id="i172"><AttributeType>type</AttributeType><IsRequired>true</IsRequired><Value i:type="a:string" xmlns:a="http://www.w3.org/2001/XMLSchema">Automatically Detect</Value></Attribute></Attributes><ChildElements><URDFElement z:Id="i173" i:type="Origin"><Attributes><Attribute z:Id="i174"><AttributeType>xyz</AttributeType><IsRequired>true</IsRequired><Value i:type="a:ArrayOfdouble" xmlns:a="http://schemas.microsoft.com/2003/10/Serialization/Arrays"><a:double>0</a:double><a:double>0</a:double><a:double>0</a:double></Value></Attribute><Attribute z:Id="i175"><AttributeType>rpy</AttributeType><IsRequired>true</IsRequired><Value i:type="a:ArrayOfdouble" xmlns:a="http://schemas.microsoft.com/2003/10/Serialization/Arrays"><a:double>0</a:double><a:double>0</a:double><a:double>0</a:double></Value></Attribute></Attributes><ChildElements/><ElementName>origin</ElementName><required>false</required><RPYAttribute z:Ref="i175"/><XYZAttribute z:Ref="i174"/><isCustomized>false</isCustomized></URDFElement><URDFElement z:Id="i176" i:type="ParentLink"><Attributes><Attribute z:Id="i177"><AttributeType>link</AttributeType><IsRequired>true</IsRequired><Value i:type="a:string" xmlns:a="http://www.w3.org/2001/XMLSchema"/></Attribute></Attributes><ChildElements/><ElementName>parent</ElementName><required>true</required><NameAttribute z:Ref="i177"/></URDFElement><URDFElement z:Id="i178" i:type="ChildLink"><Attributes><Attribute z:Id="i179"><AttributeType>link</AttributeType><IsRequired>true</IsRequired><Value i:type="a:string" xmlns:a="http://www.w3.org/2001/XMLSchema"/></Attribute></Attributes><ChildElements/><ElementName>child</ElementName><required>true</required><NameAttribute z:Ref="i179"/></URDFElement><URDFElement z:Id="i180" i:type="Axis"><Attributes><Attribute z:Id="i181"><AttributeType>xyz</AttributeType><IsRequired>true</IsRequired><Value i:type="a:ArrayOfdouble" xmlns:a="http://schemas.microsoft.com/2003/10/Serialization/Arrays"><a:double>0</a:double><a:double>0</a:double><a:double>0</a:double></Value></Attribute></Attributes><ChildElements/><ElementName>axis</ElementName><required>false</required><XYZAttribute z:Ref="i181"/></URDFElement><URDFElement z:Id="i182" i:type="Limit"><Attributes><Attribute z:Id="i183"><AttributeType>lower</AttributeType><IsRequired>false</IsRequired><Value i:nil="true"/></Attribute><Attribute z:Id="i184"><AttributeType>upper</AttributeType><IsRequired>false</IsRequired><Value i:nil="true"/></Attribute><Attribute z:Id="i185"><AttributeType>effort</AttributeType><IsRequired>true</IsRequired><Value i:nil="true"/></Attribute><Attribute z:Id="i186"><AttributeType>velocity</AttributeType><IsRequired>true</IsRequired><Value i:nil="true"/></Attribute></Attributes><ChildElements/><ElementName>limit</ElementName><required>false</required><EffortAttribute z:Ref="i185"/><LowerAttribute z:Ref="i183"/><UpperAttribute z:Ref="i184"/><VelocityAttribute z:Ref="i186"/></URDFElement><URDFElement z:Id="i187" i:type="Calibration"><Attributes><Attribute z:Id="i188"><AttributeType>rising</AttributeType><IsRequired>false</IsRequired><Value i:nil="true"/></Attribute><Attribute z:Id="i189"><AttributeType>falling</AttributeType><IsRequired>false</IsRequired><Value i:nil="true"/></Attribute></Attributes><ChildElements/><ElementName>calibration</ElementName><required>false</required><FallingAttribute z:Ref="i189"/><RisingAttribute z:Ref="i188"/></URDFElement><URDFElement z:Id="i190" i:type="Dynamics"><Attributes><Attribute z:Id="i191"><AttributeType>damping</AttributeType><IsRequired>false</IsRequired><Value i:nil="true"/></Attribute><Attribute z:Id="i192"><AttributeType>friction</AttributeType><IsRequired>false</IsRequired><Value i:nil="true"/></Attribute></Attributes><ChildElements/><ElementName>dynamics</ElementName><required>false</required><DampingAttribute z:Ref="i191"/><FrictionAttribute z:Ref="i192"/></URDFElement><URDFElement z:Id="i193" i:type="SafetyController"><Attributes><Attribute z:Id="i194"><AttributeType>soft_upper_limit</AttributeType><IsRequired>false</IsRequired><Value i:nil="true"/></Attribute><Attribute z:Id="i195"><AttributeType>soft_lower_limit</AttributeType><IsRequired>false</IsRequired><Value i:nil="true"/></Attribute><Attribute z:Id="i196"><AttributeType>k_position</AttributeType><IsRequired>false</IsRequired><Value i:nil="true"/></Attribute><Attribute z:Id="i197"><AttributeType>k_velocity</AttributeType><IsRequired>true</IsRequired><Value i:nil="true"/></Attribute></Attributes><ChildElements/><ElementName>safety_controller</ElementName><required>false</required><KPositionAttribute z:Ref="i196"/><KVelocityAttribute z:Ref="i197"/><SoftLowerAttribute z:Ref="i195"/><SoftUpperAttribute z:Ref="i194"/></URDFElement><URDFElement z:Id="i198" i:type="Mimic"><Attributes><Attribute z:Id="i199"><AttributeType>joint</AttributeType><IsRequired>true</IsRequired><Value i:nil="true"/></Attribute><Attribute z:Id="i200"><AttributeType>multiplier</AttributeType><IsRequired>false</IsRequired><Value i:nil="true"/></Attribute><Attribute z:Id="i201"><AttributeType>offset</AttributeType><IsRequired>false</IsRequired><Value i:nil="true"/></Attribute></Attributes><ChildElements/><ElementName>mimic</ElementName><required>false</required><JointNameAttribute z:Ref="i199"/><MultiplierAttribute z:Ref="i200"/><OffsetAttribute z:Ref="i201"/></URDFElement></ChildElements><ElementName>joint</ElementName><required>false</required><Axis z:Ref="i180"/><AxisName>Automatically Generate</AxisName><Calibration z:Ref="i187"/><Child z:Ref="i178"/><CoordinateSystemName>Automatically Generate</CoordinateSystemName><Dynamics z:Ref="i190"/><Limit z:Ref="i182"/><Mimic z:Ref="i198"/><NameAttribute z:Ref="i171"/><Origin z:Ref="i173"/><Parent z:Ref="i176"/><Safety z:Ref="i193"/><TypeAttribute z:Ref="i172"/></URDFElement></ChildElements><ElementName>link</ElementName><required>true</required><Children><Link z:Id="i202"><Attributes><Attribute z:Id="i203"><AttributeType>name</AttributeType><IsRequired>true</IsRequired><Value i:type="a:string" xmlns:a="http://www.w3.org/2001/XMLSchema">Pin</Value></Attribute></Attributes><ChildElements><URDFElement z:Id="i204" i:type="Inertial"><Attributes/><ChildElements><URDFElement z:Id="i205" i:type="Origin"><Attributes><Attribute z:Id="i206"><AttributeType>xyz</AttributeType><IsRequired>true</IsRequired><Value i:type="a:ArrayOfdouble" xmlns:a="http://schemas.microsoft.com/2003/10/Serialization/Arrays"><a:double>0</a:double><a:double>0</a:double><a:double>0</a:double></Value></Attribute><Attribute z:Id="i207"><AttributeType>rpy</AttributeType><IsRequired>true</IsRequired><Value i:type="a:ArrayOfdouble" xmlns:a="http://schemas.microsoft.com/2003/10/Serialization/Arrays"><a:double>0</a:double><a:double>0</a:double><a:double>0</a:double></Value></Attribute></Attributes><ChildElements/><ElementName>origin</ElementName><required>false</required><RPYAttribute z:Ref="i207"/><XYZAttribute z:Ref="i206"/><isCustomized>false</isCustomized></URDFElement><URDFElement z:Id="i208" i:type="Mass"><Attributes><Attribute z:Id="i209"><AttributeType>value</AttributeType><IsRequired>true</IsRequired><Value i:type="a:double" xmlns:a="http://www.w3.org/2001/XMLSchema">0</Value></Attribute></Attributes><ChildElements/><ElementName>mass</ElementName><required>false</required><ValueAttribute z:Ref="i209"/></URDFElement><URDFElement z:Id="i210" i:type="Inertia"><Attributes><Attribute z:Id="i211"><AttributeType>ixx</AttributeType><IsRequired>true</IsRequired><Value i:type="a:double" xmlns:a="http://www.w3.org/2001/XMLSchema">0</Value></Attribute><Attribute z:Id="i212"><AttributeType>ixy</AttributeType><IsRequired>true</IsRequired><Value i:type="a:double" xmlns:a="http://www.w3.org/2001/XMLSchema">0</Value></Attribute><Attribute z:Id="i213"><AttributeType>ixz</AttributeType><IsRequired>true</IsRequired><Value i:type="a:double" xmlns:a="http://www.w3.org/2001/XMLSchema">0</Value></Attribute><Attribute z:Id="i214"><AttributeType>iyy</AttributeType><IsRequired>true</IsRequired><Value i:type="a:double" xmlns:a="http://www.w3.org/2001/XMLSchema">0</Value></Attribute><Attribute z:Id="i215"><AttributeType>iyz</AttributeType><IsRequired>true</IsRequired><Value i:type="a:double" xmlns:a="http://www.w3.org/2001/XMLSchema">0</Value></Attribute><Attribute z:Id="i216"><AttributeType>izz</AttributeType><IsRequired>true</IsRequired><Value i:type="a:double" xmlns:a="http://www.w3.org/2001/XMLSchema">0</Value></Attribute></Attributes><ChildElements/><ElementName>inertia</ElementName><required>false</required><IxxAttribute z:Ref="i211"/><IxyAttribute z:Ref="i212"/><IxzAttribute z:Ref="i213"/><IyyAttribute z:Ref="i214"/><IyzAttribute z:Ref="i215"/><IzzAttribute z:Ref="i216"/></URDFElement></ChildElements><ElementName>inertial</ElementName><required>false</required><Inertia z:Ref="i210"/><Mass z:Ref="i208"/><Origin z:Ref="i205"/></URDFElement><URDFElement z:Id="i217" i:type="Visual"><Attributes/><ChildElements><URDFElement z:Id="i218" i:type="Origin"><Attributes><Attribute z:Id="i219"><AttributeType>xyz</AttributeType><IsRequired>true</IsRequired><Value i:type="a:ArrayOfdouble" xmlns:a="http://schemas.microsoft.com/2003/10/Serialization/Arrays"><a:double>0</a:double><a:double>0</a:double><a:double>0</a:double></Value></Attribute><Attribute z:Id="i220"><AttributeType>rpy</AttributeType><IsRequired>true</IsRequired><Value i:type="a:ArrayOfdouble" xmlns:a="http://schemas.microsoft.com/2003/10/Serialization/Arrays"><a:double>0</a:double><a:double>0</a:double><a:double>0</a:double></Value></Attribute></Attributes><ChildElements/><ElementName>origin</ElementName><required>false</required><RPYAttribute z:Ref="i220"/><XYZAttribute z:Ref="i219"/><isCustomized>false</isCustomized></URDFElement><URDFElement z:Id="i221" i:type="Geometry"><Attributes/><ChildElements><URDFElement z:Id="i222" i:type="Mesh"><Attributes><Attribute z:Id="i223"><AttributeType>filename</AttributeType><IsRequired>true</IsRequired><Value i:nil="true"/></Attribute></Attributes><ChildElements/><ElementName>mesh</ElementName><required>false</required><FilenameAttribute z:Ref="i223"/></URDFElement></ChildElements><ElementName>geometry</ElementName><required>true</required><Mesh z:Ref="i222"/></URDFElement><URDFElement z:Id="i224" i:type="Material"><Attributes><Attribute z:Id="i225"><AttributeType>name</AttributeType><IsRequired>true</IsRequired><Value i:type="a:string" xmlns:a="http://www.w3.org/2001/XMLSchema"/></Attribute></Attributes><ChildElements><URDFElement z:Id="i226" i:type="Color"><Attributes><Attribute z:Id="i227"><AttributeType>rgba</AttributeType><IsRequired>true</IsRequired><Value i:type="a:ArrayOfdouble" xmlns:a="http://schemas.microsoft.com/2003/10/Serialization/Arrays"><a:double>1</a:double><a:double>1</a:double><a:double>1</a:double><a:double>1</a:double></Value></Attribute></Attributes><ChildElements/><ElementName>color</ElementName><required>false</required><RGBAAttribute z:Ref="i227"/></URDFElement><URDFElement z:Id="i228" i:type="Texture"><Attributes><Attribute z:Id="i229"><AttributeType>filename</AttributeType><IsRequired>true</IsRequired><Value i:nil="true"/></Attribute></Attributes><ChildElements/><ElementName>texture</ElementName><required>false</required><FilenameAttribute z:Ref="i229"/><wFilename/></URDFElement></ChildElements><ElementName>material</ElementName><required>false</required><Color z:Ref="i226"/><NameAttribute z:Ref="i225"/><Texture z:Ref="i228"/></URDFElement></ChildElements><ElementName>visual</ElementName><required>false</required><Geometry z:Ref="i221"/><Material z:Ref="i224"/><Origin z:Ref="i218"/></URDFElement><URDFElement z:Id="i230" i:type="Collision"><Attributes/><ChildElements><URDFElement z:Id="i231" i:type="Origin"><Attributes><Attribute z:Id="i232"><AttributeType>xyz</AttributeType><IsRequired>true</IsRequired><Value i:type="a:ArrayOfdouble" xmlns:a="http://schemas.microsoft.com/2003/10/Serialization/Arrays"><a:double>0</a:double><a:double>0</a:double><a:double>0</a:double></Value></Attribute><Attribute z:Id="i233"><AttributeType>rpy</AttributeType><IsRequired>true</IsRequired><Value i:type="a:ArrayOfdouble" xmlns:a="http://schemas.microsoft.com/2003/10/Serialization/Arrays"><a:double>0</a:double><a:double>0</a:double><a:double>0</a:double></Value></Attribute></Attributes><ChildElements/><ElementName>origin</ElementName><required>false</required><RPYAttribute z:Ref="i233"/><XYZAttribute z:Ref="i232"/><isCustomized>false</isCustomized></URDFElement><URDFElement z:Id="i234" i:type="Geometry"><Attributes/><ChildElements><URDFElement z:Id="i235" i:type="Mesh"><Attributes><Attribute z:Id="i236"><AttributeType>filename</AttributeType><IsRequired>true</IsRequired><Value i:nil="true"/></Attribute></Attributes><ChildElements/><ElementName>mesh</ElementName><required>false</required><FilenameAttribute z:Ref="i236"/></URDFElement></ChildElements><ElementName>geometry</ElementName><required>true</required><Mesh z:Ref="i235"/></URDFElement></ChildElements><ElementName>collision</ElementName><required>false</required><Geometry z:Ref="i234"/><Origin z:Ref="i231"/></URDFElement><URDFElement z:Id="i237" i:type="Joint"><Attributes><Attribute z:Id="i238"><AttributeType>name</AttributeType><IsRequired>true</IsRequired><Value i:type="a:string" xmlns:a="http://www.w3.org/2001/XMLSchema">pin</Value></Attribute><Attribute z:Id="i239"><AttributeType>type</AttributeType><IsRequired>true</IsRequired><Value i:type="a:string" xmlns:a="http://www.w3.org/2001/XMLSchema">Automatically Detect</Value></Attribute></Attributes><ChildElements><URDFElement z:Id="i240" i:type="Origin"><Attributes><Attribute z:Id="i241"><AttributeType>xyz</AttributeType><IsRequired>true</IsRequired><Value i:type="a:ArrayOfdouble" xmlns:a="http://schemas.microsoft.com/2003/10/Serialization/Arrays"><a:double>0</a:double><a:double>0</a:double><a:double>0</a:double></Value></Attribute><Attribute z:Id="i242"><AttributeType>rpy</AttributeType><IsRequired>true</IsRequired><Value i:type="a:ArrayOfdouble" xmlns:a="http://schemas.microsoft.com/2003/10/Serialization/Arrays"><a:double>0</a:double><a:double>0</a:double><a:double>0</a:double></Value></Attribute></Attributes><ChildElements/><ElementName>origin</ElementName><required>false</required><RPYAttribute z:Ref="i242"/><XYZAttribute z:Ref="i241"/><isCustomized>false</isCustomized></URDFElement><URDFElement z:Id="i243" i:type="ParentLink"><Attributes><Attribute z:Id="i244"><AttributeType>link</AttributeType><IsRequired>true</IsRequired><Value i:type="a:string" xmlns:a="http://www.w3.org/2001/XMLSchema"/></Attribute></Attributes><ChildElements/><ElementName>parent</ElementName><required>true</required><NameAttribute z:Ref="i244"/></URDFElement><URDFElement z:Id="i245" i:type="ChildLink"><Attributes><Attribute z:Id="i246"><AttributeType>link</AttributeType><IsRequired>true</IsRequired><Value i:type="a:string" xmlns:a="http://www.w3.org/2001/XMLSchema"/></Attribute></Attributes><ChildElements/><ElementName>child</ElementName><required>true</required><NameAttribute z:Ref="i246"/></URDFElement><URDFElement z:Id="i247" i:type="Axis"><Attributes><Attribute z:Id="i248"><AttributeType>xyz</AttributeType><IsRequired>true</IsRequired><Value i:type="a:ArrayOfdouble" xmlns:a="http://schemas.microsoft.com/2003/10/Serialization/Arrays"><a:double>0</a:double><a:double>0</a:double><a:double>0</a:double></Value></Attribute></Attributes><ChildElements/><ElementName>axis</ElementName><required>false</required><XYZAttribute z:Ref="i248"/></URDFElement><URDFElement z:Id="i249" i:type="Limit"><Attributes><Attribute z:Id="i250"><AttributeType>lower</AttributeType><IsRequired>false</IsRequired><Value i:nil="true"/></Attribute><Attribute z:Id="i251"><AttributeType>upper</AttributeType><IsRequired>false</IsRequired><Value i:nil="true"/></Attribute><Attribute z:Id="i252"><AttributeType>effort</AttributeType><IsRequired>true</IsRequired><Value i:nil="true"/></Attribute><Attribute z:Id="i253"><AttributeType>velocity</AttributeType><IsRequired>true</IsRequired><Value i:nil="true"/></Attribute></Attributes><ChildElements/><ElementName>limit</ElementName><required>false</required><EffortAttribute z:Ref="i252"/><LowerAttribute z:Ref="i250"/><UpperAttribute z:Ref="i251"/><VelocityAttribute z:Ref="i253"/></URDFElement><URDFElement z:Id="i254" i:type="Calibration"><Attributes><Attribute z:Id="i255"><AttributeType>rising</AttributeType><IsRequired>false</IsRequired><Value i:nil="true"/></Attribute><Attribute z:Id="i256"><AttributeType>falling</AttributeType><IsRequired>false</IsRequired><Value i:nil="true"/></Attribute></Attributes><ChildElements/><ElementName>calibration</ElementName><required>false</required><FallingAttribute z:Ref="i256"/><RisingAttribute z:Ref="i255"/></URDFElement><URDFElement z:Id="i257" i:type="Dynamics"><Attributes><Attribute z:Id="i258"><AttributeType>damping</AttributeType><IsRequired>false</IsRequired><Value i:nil="true"/></Attribute><Attribute z:Id="i259"><AttributeType>friction</AttributeType><IsRequired>false</IsRequired><Value i:nil="true"/></Attribute></Attributes><ChildElements/><ElementName>dynamics</ElementName><required>false</required><DampingAttribute z:Ref="i258"/><FrictionAttribute z:Ref="i259"/></URDFElement><URDFElement z:Id="i260" i:type="SafetyController"><Attributes><Attribute z:Id="i261"><AttributeType>soft_upper_limit</AttributeType><IsRequired>false</IsRequired><Value i:nil="true"/></Attribute><Attribute z:Id="i262"><AttributeType>soft_lower_limit</AttributeType><IsRequired>false</IsRequired><Value i:nil="true"/></Attribute><Attribute z:Id="i263"><AttributeType>k_position</AttributeType><IsRequired>false</IsRequired><Value i:nil="true"/></Attribute><Attribute z:Id="i264"><AttributeType>k_velocity</AttributeType><IsRequired>true</IsRequired><Value i:nil="true"/></Attribute></Attributes><ChildElements/><ElementName>safety_controller</ElementName><required>false</required><KPositionAttribute z:Ref="i263"/><KVelocityAttribute z:Ref="i264"/><SoftLowerAttribute z:Ref="i262"/><SoftUpperAttribute z:Ref="i261"/></URDFElement><URDFElement z:Id="i265" i:type="Mimic"><Attributes><Attribute z:Id="i266"><AttributeType>joint</AttributeType><IsRequired>true</IsRequired><Value i:nil="true"/></Attribute><Attribute z:Id="i267"><AttributeType>multiplier</AttributeType><IsRequired>false</IsRequired><Value i:nil="true"/></Attribute><Attribute z:Id="i268"><AttributeType>offset</AttributeType><IsRequired>false</IsRequired><Value i:nil="true"/></Attribute></Attributes><ChildElements/><ElementName>mimic</ElementName><required>false</required><JointNameAttribute z:Ref="i266"/><MultiplierAttribute z:Ref="i267"/><OffsetAttribute z:Ref="i268"/></URDFElement></ChildElements><ElementName>joint</ElementName><required>false</required><Axis z:Ref="i247"/><AxisName>Automatically Generate</AxisName><Calibration z:Ref="i254"/><Child z:Ref="i245"/><CoordinateSystemName>Automatically Generate</CoordinateSystemName><Dynamics z:Ref="i257"/><Limit z:Ref="i249"/><Mimic z:Ref="i265"/><NameAttribute z:Ref="i238"/><Origin z:Ref="i240"/><Parent z:Ref="i243"/><Safety z:Ref="i260"/><TypeAttribute z:Ref="i239"/></URDFElement></ChildElements><ElementName>link</ElementName><required>true</required><Children/><Collision z:Ref="i230"/><Inertial z:Ref="i204"/><Joint z:Ref="i237"/><NameAttribute z:Ref="i203"/><Parent z:Ref="i135"/><STLQualityFine>false</STLQualityFine><SWComponentPIDs xmlns:a="http://schemas.microsoft.com/2003/10/Serialization/Arrays"><a:base64Binary>gD4AAAUAAAD//v8UVABpAHAAXwBWAGUAcgBvAHcAaABpAHQAZQAtADEAQADFiE2RU08yAAQAAAAQAAAAAQAAAAEAAAARAAAA</a:base64Binary></SWComponentPIDs><SWMainComponentPID i:nil="true"/><Visual z:Ref="i217"/><isFixedFrame>false</isFixedFrame><isIncomplete>false</isIncomplete></Link></Children><Collision z:Ref="i163"/><Inertial z:Ref="i137"/><Joint z:Ref="i170"/><NameAttribute z:Ref="i136"/><Parent z:Ref="i68"/><STLQualityFine>false</STLQualityFine><SWComponentPIDs xmlns:a="http://schemas.microsoft.com/2003/10/Serialization/Arrays"><a:base64Binary>gD4AAAUAAAD//v8SUwBvAGYAdABfAEEAZwBpAGwAdQBzAC0AMQBAAMWITZFTTzIABAAAABAAAAABAAAAAQAAABMAAAA=</a:base64Binary></SWComponentPIDs><SWMainComponentPID i:nil="true"/><Visual z:Ref="i150"/><isFixedFrame>false</isFixedFrame><isIncomplete>false</isIncomplete></Link></Children><Collision z:Ref="i96"/><Inertial z:Ref="i70"/><Joint z:Ref="i103"/><NameAttribute z:Ref="i69"/><Parent z:Ref="i1"/><STLQualityFine>false</STLQualityFine><SWComponentPIDs xmlns:a="http://schemas.microsoft.com/2003/10/Serialization/Arrays"><a:base64Binary>gD4AAAUAAAD//v8WUgBpAGcAaQBkAF8AVgBlAHIAbwB3AGgAaQB0AGUALQAxAEAAxYhNkVNPMgAEAAAAEAAAAAEAAAABAAAAEgAAAA==</a:base64Binary></SWComponentPIDs><SWMainComponentPID i:nil="true"/><Visual z:Ref="i83"/><isFixedFrame>false</isFixedFrame><isIncomplete>false</isIncomplete></Link></Children><Collision z:Ref="i29"/><Inertial z:Ref="i3"/><Joint z:Ref="i36"/><NameAttribute z:Ref="i2"/><Parent i:nil="true"/><STLQualityFine>false</STLQualityFine><SWComponentPIDs xmlns:a="http://schemas.microsoft.com/2003/10/Serialization/Arrays"><a:base64Binary>gD4AAAUAAAD//v8MTQBvAHUAbgB0AC0AMQBAAMWITZFTTzIABAAAABAAAAABAAAAAQAAACIAAAA=</a:base64Binary></SWComponentPIDs><SWMainComponentPID i:nil="true"/><Visual z:Ref="i16"/><isFixedFrame>false</isFixedFrame><isIncomplete>false</isIncomplete></Link>
2023-11-13 15:43:52,391 INFO  AssemblyExportForm.cs: 309 - Saving URDF package to D:\合作\allergro\1113\装配体2.SLDASM
2023-11-13 15:43:52,392 INFO  ExportHelper.cs: 147 - Beginning the export process
2023-11-13 15:43:52,393 INFO  ExportHelper.cs: 153 - Creating package directories with name 装配体2.SLDASM and save path D:\合作\allergro\1113
2023-11-13 15:43:55,117 INFO  ExportHelper.cs: 162 - Creating CMakeLists.txt at D:\合作\allergro\1113\装配体2.SLDASM\CMakeLists.txt
2023-11-13 15:43:55,117 INFO  ExportHelper.cs: 166 - Creating joint names config at D:\合作\allergro\1113\装配体2.SLDASM\config\joint_names_装配体2.SLDASM.yaml
2023-11-13 15:43:55,117 INFO  ExportHelper.cs: 170 - Creating package.xml at D:\合作\allergro\1113\装配体2.SLDASM\package.xml
2023-11-13 15:43:55,117 INFO  PackageXMLWriter.cs: 21 - Creating package.xml at D:\合作\allergro\1113\装配体2.SLDASM\package.xml
2023-11-13 15:43:55,121 INFO  ExportHelper.cs: 177 - Creating RVIZ launch file in D:\合作\allergro\1113\装配体2.SLDASM\launch\
2023-11-13 15:43:55,121 INFO  ExportHelper.cs: 182 - Creating Gazebo launch file in D:\合作\allergro\1113\装配体2.SLDASM\launch\
2023-11-13 15:43:55,121 INFO  ExportHelper.cs: 187 - Saving existing STL preferences
2023-11-13 15:43:55,121 INFO  ExportHelper.cs: 450 - Saving users preferences
2023-11-13 15:43:55,121 INFO  ExportHelper.cs: 190 - Modifying STL preferences
2023-11-13 15:43:55,121 INFO  ExportHelper.cs: 464 - Setting STL preferences
2023-11-13 15:43:55,125 INFO  ExportHelper.cs: 196 - Found 0 hidden components 
2023-11-13 15:43:55,125 INFO  ExportHelper.cs: 197 - Hiding all components
2023-11-13 15:43:55,149 INFO  ExportHelper.cs: 204 - Beginning individual files export
2023-11-13 15:43:55,149 INFO  ExportHelper.cs: 270 - Exporting link: Mount
2023-11-13 15:43:55,149 INFO  ExportHelper.cs: 272 - Link Mount has 1 children
2023-11-13 15:43:55,149 INFO  ExportHelper.cs: 270 - Exporting link: Rigid
2023-11-13 15:43:55,149 INFO  ExportHelper.cs: 272 - Link Rigid has 1 children
2023-11-13 15:43:55,149 INFO  ExportHelper.cs: 270 - Exporting link: Soft
2023-11-13 15:43:55,153 INFO  ExportHelper.cs: 272 - Link Soft has 1 children
2023-11-13 15:43:55,153 INFO  ExportHelper.cs: 270 - Exporting link: Pin
2023-11-13 15:43:55,153 INFO  ExportHelper.cs: 272 - Link Pin has 0 children
2023-11-13 15:43:55,153 INFO  ExportHelper.cs: 317 - Pin: Exporting STL with coordinate frame Origin_pin
2023-11-13 15:43:55,153 INFO  ExportHelper.cs: 322 - Pin: Reference geometry name 
2023-11-13 15:43:55,199 INFO  ExportHelper.cs: 330 - Saving STL to D:\合作\allergro\1113\装配体2.SLDASM\meshes\Pin.STL
2023-11-13 15:43:55,366 INFO  ExportHelper.cs: 405 - Removing SW header in STL file
2023-11-13 15:43:55,366 INFO  ExportHelper.cs: 317 - Soft: Exporting STL with coordinate frame Origin_soft
2023-11-13 15:43:55,366 INFO  ExportHelper.cs: 322 - Soft: Reference geometry name 
2023-11-13 15:43:55,374 INFO  ExportHelper.cs: 330 - Saving STL to D:\合作\allergro\1113\装配体2.SLDASM\meshes\Soft.STL
2023-11-13 15:43:55,550 INFO  ExportHelper.cs: 405 - Removing SW header in STL file
2023-11-13 15:43:55,550 INFO  ExportHelper.cs: 317 - Rigid: Exporting STL with coordinate frame Origin_rigid
2023-11-13 15:43:55,550 INFO  ExportHelper.cs: 322 - Rigid: Reference geometry name 
2023-11-13 15:43:55,558 INFO  ExportHelper.cs: 330 - Saving STL to D:\合作\allergro\1113\装配体2.SLDASM\meshes\Rigid.STL
2023-11-13 15:43:55,610 INFO  ExportHelper.cs: 405 - Removing SW header in STL file
2023-11-13 15:43:55,610 INFO  ExportHelper.cs: 317 - Mount: Exporting STL with coordinate frame Origin_global
2023-11-13 15:43:55,610 INFO  ExportHelper.cs: 322 - Mount: Reference geometry name 
2023-11-13 15:43:55,614 INFO  ExportHelper.cs: 330 - Saving STL to D:\合作\allergro\1113\装配体2.SLDASM\meshes\Mount.STL
2023-11-13 15:43:55,670 INFO  ExportHelper.cs: 405 - Removing SW header in STL file
2023-11-13 15:43:55,670 INFO  ExportHelper.cs: 145 - Showing all components except previously hidden components
2023-11-13 15:43:55,682 INFO  ExportHelper.cs: 145 - Resetting STL preferences
2023-11-13 15:43:55,682 INFO  ExportHelper.cs: 478 - Returning STL preferences to user preferences
2023-11-13 15:43:55,686 INFO  ExportHelper.cs: 228 - Writing URDF file to D:\合作\allergro\1113\装配体2.SLDASM\urdf\装配体2.SLDASM.urdf
2023-11-13 15:43:55,694 INFO  CSVImportExport.cs: 32 - Writing CSV file D:\合作\allergro\1113\装配体2.SLDASM\urdf\装配体2.SLDASM.csv
2023-11-13 15:43:55,706 ERROR CSVImportExport.cs: 130 - The following columns were not written to the CSV: Link.Joint.ChildLink.link,
2023-11-13 15:43:55,706 ERROR CSVImportExport.cs: 130 - The following columns were not written to the CSV: Link.Joint.ChildLink.link,
2023-11-13 15:43:55,706 ERROR CSVImportExport.cs: 130 - The following columns were not written to the CSV: Link.Joint.ChildLink.link,
2023-11-13 15:43:55,710 ERROR CSVImportExport.cs: 130 - The following columns were not written to the CSV: Link.Joint.ChildLink.link,
2023-11-13 15:43:55,710 INFO  ExportHelper.cs: 234 - Copying log file
2023-11-13 15:43:55,710 INFO  ExportHelper.cs: 439 - Copying C:\Users\Lu Chenghua\sw2urdf_logs\sw2urdf.log to D:\合作\allergro\1113\装配体2.SLDASM\export.log
